Archive member included to satisfy reference by file (symbol)

C:/Users/Michi/AppData/Local/stm32cube/bundles/gnu-tools-for-stm32/14.3.1+st.2/bin/../lib/gcc/arm-none-eabi/14.3.1/../../../../arm-none-eabi/lib/thumb/v8-m.main+dp/hard\libg_nano.a(libc_a-exit.o)
                              C:/Users/Michi/AppData/Local/stm32cube/bundles/gnu-tools-for-stm32/14.3.1+st.2/bin/../lib/gcc/arm-none-eabi/14.3.1/../../../../arm-none-eabi/lib/thumb/v8-m.main+dp/hard/crt0.o (exit)
C:/Users/Michi/AppData/Local/stm32cube/bundles/gnu-tools-for-stm32/14.3.1+st.2/bin/../lib/gcc/arm-none-eabi/14.3.1/../../../../arm-none-eabi/lib/thumb/v8-m.main+dp/hard\libg_nano.a(libc_a-findfp.o)
                              C:/Users/Michi/AppData/Local/stm32cube/bundles/gnu-tools-for-stm32/14.3.1+st.2/bin/../lib/gcc/arm-none-eabi/14.3.1/../../../../arm-none-eabi/lib/thumb/v8-m.main+dp/hard\libg_nano.a(libc_a-exit.o) (__stdio_exit_handler)
C:/Users/Michi/AppData/Local/stm32cube/bundles/gnu-tools-for-stm32/14.3.1+st.2/bin/../lib/gcc/arm-none-eabi/14.3.1/../../../../arm-none-eabi/lib/thumb/v8-m.main+dp/hard\libg_nano.a(libc_a-fwalk.o)
                              C:/Users/Michi/AppData/Local/stm32cube/bundles/gnu-tools-for-stm32/14.3.1+st.2/bin/../lib/gcc/arm-none-eabi/14.3.1/../../../../arm-none-eabi/lib/thumb/v8-m.main+dp/hard\libg_nano.a(libc_a-findfp.o) (_fwalk_sglue)
C:/Users/Michi/AppData/Local/stm32cube/bundles/gnu-tools-for-stm32/14.3.1+st.2/bin/../lib/gcc/arm-none-eabi/14.3.1/../../../../arm-none-eabi/lib/thumb/v8-m.main+dp/hard\libg_nano.a(libc_a-stdio.o)
                              C:/Users/Michi/AppData/Local/stm32cube/bundles/gnu-tools-for-stm32/14.3.1+st.2/bin/../lib/gcc/arm-none-eabi/14.3.1/../../../../arm-none-eabi/lib/thumb/v8-m.main+dp/hard\libg_nano.a(libc_a-findfp.o) (__sread)
C:/Users/Michi/AppData/Local/stm32cube/bundles/gnu-tools-for-stm32/14.3.1+st.2/bin/../lib/gcc/arm-none-eabi/14.3.1/../../../../arm-none-eabi/lib/thumb/v8-m.main+dp/hard\libg_nano.a(libc_a-memset.o)
                              C:/Users/Michi/AppData/Local/stm32cube/bundles/gnu-tools-for-stm32/14.3.1+st.2/bin/../lib/gcc/arm-none-eabi/14.3.1/../../../../arm-none-eabi/lib/thumb/v8-m.main+dp/hard/crt0.o (memset)
C:/Users/Michi/AppData/Local/stm32cube/bundles/gnu-tools-for-stm32/14.3.1+st.2/bin/../lib/gcc/arm-none-eabi/14.3.1/../../../../arm-none-eabi/lib/thumb/v8-m.main+dp/hard\libg_nano.a(libc_a-closer.o)
                              C:/Users/Michi/AppData/Local/stm32cube/bundles/gnu-tools-for-stm32/14.3.1+st.2/bin/../lib/gcc/arm-none-eabi/14.3.1/../../../../arm-none-eabi/lib/thumb/v8-m.main+dp/hard\libg_nano.a(libc_a-stdio.o) (_close_r)
C:/Users/Michi/AppData/Local/stm32cube/bundles/gnu-tools-for-stm32/14.3.1+st.2/bin/../lib/gcc/arm-none-eabi/14.3.1/../../../../arm-none-eabi/lib/thumb/v8-m.main+dp/hard\libg_nano.a(libc_a-reent.o)
                              C:/Users/Michi/AppData/Local/stm32cube/bundles/gnu-tools-for-stm32/14.3.1+st.2/bin/../lib/gcc/arm-none-eabi/14.3.1/../../../../arm-none-eabi/lib/thumb/v8-m.main+dp/hard\libg_nano.a(libc_a-closer.o) (errno)
C:/Users/Michi/AppData/Local/stm32cube/bundles/gnu-tools-for-stm32/14.3.1+st.2/bin/../lib/gcc/arm-none-eabi/14.3.1/../../../../arm-none-eabi/lib/thumb/v8-m.main+dp/hard\libg_nano.a(libc_a-impure.o)
                              C:/Users/Michi/AppData/Local/stm32cube/bundles/gnu-tools-for-stm32/14.3.1+st.2/bin/../lib/gcc/arm-none-eabi/14.3.1/../../../../arm-none-eabi/lib/thumb/v8-m.main+dp/hard\libg_nano.a(libc_a-reent.o) (_impure_ptr)
C:/Users/Michi/AppData/Local/stm32cube/bundles/gnu-tools-for-stm32/14.3.1+st.2/bin/../lib/gcc/arm-none-eabi/14.3.1/../../../../arm-none-eabi/lib/thumb/v8-m.main+dp/hard\libg_nano.a(libc_a-lseekr.o)
                              C:/Users/Michi/AppData/Local/stm32cube/bundles/gnu-tools-for-stm32/14.3.1+st.2/bin/../lib/gcc/arm-none-eabi/14.3.1/../../../../arm-none-eabi/lib/thumb/v8-m.main+dp/hard\libg_nano.a(libc_a-stdio.o) (_lseek_r)
C:/Users/Michi/AppData/Local/stm32cube/bundles/gnu-tools-for-stm32/14.3.1+st.2/bin/../lib/gcc/arm-none-eabi/14.3.1/../../../../arm-none-eabi/lib/thumb/v8-m.main+dp/hard\libg_nano.a(libc_a-readr.o)
                              C:/Users/Michi/AppData/Local/stm32cube/bundles/gnu-tools-for-stm32/14.3.1+st.2/bin/../lib/gcc/arm-none-eabi/14.3.1/../../../../arm-none-eabi/lib/thumb/v8-m.main+dp/hard\libg_nano.a(libc_a-stdio.o) (_read_r)
C:/Users/Michi/AppData/Local/stm32cube/bundles/gnu-tools-for-stm32/14.3.1+st.2/bin/../lib/gcc/arm-none-eabi/14.3.1/../../../../arm-none-eabi/lib/thumb/v8-m.main+dp/hard\libg_nano.a(libc_a-writer.o)
                              C:/Users/Michi/AppData/Local/stm32cube/bundles/gnu-tools-for-stm32/14.3.1+st.2/bin/../lib/gcc/arm-none-eabi/14.3.1/../../../../arm-none-eabi/lib/thumb/v8-m.main+dp/hard\libg_nano.a(libc_a-stdio.o) (_write_r)
[...]
Memory Configuration

Name             Origin             Length             Attributes
ROM              0x34180400         0x0003fc00         xrw
RAM              0x341c0000         0x00040000         xrw
*default*        0x00000000         0xffffffff

Linker script and memory map

LOAD C:/Users/Michi/AppData/Local/stm32cube/bundles/gnu-tools-for-stm32/14.3.1+st.2/bin/../lib/gcc/arm-none-eabi/14.3.1/thumb/v8-m.main+dp/hard/crti.o
LOAD C:/Users/Michi/AppData/Local/stm32cube/bundles/gnu-tools-for-stm32/14.3.1+st.2/bin/../lib/gcc/arm-none-eabi/14.3.1/thumb/v8-m.main+dp/hard/crtbegin.o
LOAD C:/Users/Michi/AppData/Local/stm32cube/bundles/gnu-tools-for-stm32/14.3.1+st.2/bin/../lib/gcc/arm-none-eabi/14.3.1/../../../../arm-none-eabi/lib/thumb/v8-m.main+dp/hard/crt0.o
LOAD CMakeFiles/STM32_Drivers.dir/Core/Src/system_stm32n6xx_fsbl.c.obj
LOAD CMakeFiles/STM32_Drivers.dir/C_/Users/Michi/Desktop/VL53L9EV/Drivers/STM32N6xx_HAL_Driver/Src/stm32n6xx_ll_exti.c.obj
LOAD CMakeFiles/STM32_Drivers.dir/C_/Users/Michi/Desktop/VL53L9EV/Drivers/STM32N6xx_HAL_Driver/Src/stm32n6xx_hal_cortex.c.obj
LOAD CMakeFiles/STM32_Drivers.dir/C_/Users/Michi/Desktop/VL53L9EV/Drivers/STM32N6xx_HAL_Driver/Src/stm32n6xx_hal_rcc.c.obj
LOAD CMakeFiles/STM32_Drivers.dir/C_/Users/Michi/Desktop/VL53L9EV/Drivers/STM32N6xx_HAL_Driver/Src/stm32n6xx_hal_rcc_ex.c.obj
LOAD CMakeFiles/STM32_Drivers.dir/C_/Users/Michi/Desktop/VL53L9EV/Drivers/STM32N6xx_HAL_Driver/Src/stm32n6xx_hal_gpio.c.obj
LOAD CMakeFiles/STM32_Drivers.dir/C_/Users/Michi/Desktop/VL53L9EV/Drivers/STM32N6xx_HAL_Driver/Src/stm32n6xx_hal_dma.c.obj
LOAD CMakeFiles/STM32_Drivers.dir/C_/Users/Michi/Desktop/VL53L9EV/Drivers/STM32N6xx_HAL_Driver/Src/stm32n6xx_hal_dma_ex.c.obj
LOAD CMakeFiles/STM32_Drivers.dir/C_/Users/Michi/Desktop/VL53L9EV/Drivers/STM32N6xx_HAL_Driver/Src/stm32n6xx_hal_pwr.c.obj
LOAD CMakeFiles/STM32_Drivers.dir/C_/Users/Michi/Desktop/VL53L9EV/Drivers/STM32N6xx_HAL_Driver/Src/stm32n6xx_hal_pwr_ex.c.obj
LOAD CMakeFiles/STM32_Drivers.dir/C_/Users/Michi/Desktop/VL53L9EV/Drivers/STM32N6xx_HAL_Driver/Src/stm32n6xx_hal.c.obj
LOAD CMakeFiles/STM32_Drivers.dir/C_/Users/Michi/Desktop/VL53L9EV/Drivers/STM32N6xx_HAL_Driver/Src/stm32n6xx_hal_exti.c.obj
LOAD CMakeFiles/STM32_Drivers.dir/C_/Users/Michi/Desktop/VL53L9EV/Drivers/STM32N6xx_HAL_Driver/Src/stm32n6xx_ll_rcc.c.obj
LOAD CMakeFiles/STM32_Drivers.dir/C_/Users/Michi/Desktop/VL53L9EV/Drivers/STM32N6xx_HAL_Driver/Src/stm32n6xx_ll_utils.c.obj
LOAD CMakeFiles/STM32_Drivers.dir/C_/Users/Michi/Desktop/VL53L9EV/Drivers/STM32N6xx_HAL_Driver/Src/stm32n6xx_hal_xspi.c.obj
LOAD CMakeFiles/STM32_ExtMem_Manager.dir/C_/Users/Michi/Desktop/VL53L9EV/Middlewares/ST/STM32_ExtMem_Manager/stm32_extmem.c.obj
LOAD CMakeFiles/STM32_ExtMem_Manager.dir/C_/Users/Michi/Desktop/VL53L9EV/Middlewares/ST/STM32_ExtMem_Manager/boot/stm32_boot_lrun.c.obj
LOAD CMakeFiles/STM32_ExtMem_Manager.dir/C_/Users/Michi/Desktop/VL53L9EV/Middlewares/ST/STM32_ExtMem_Manager/sal/stm32_sal_xspi.c.obj
LOAD CMakeFiles/STM32_ExtMem_Manager.dir/C_/Users/Michi/Desktop/VL53L9EV/Middlewares/ST/STM32_ExtMem_Manager/sal/stm32_sal_sd.c.obj
LOAD CMakeFiles/STM32_ExtMem_Manager.dir/C_/Users/Michi/Desktop/VL53L9EV/Middlewares/ST/STM32_ExtMem_Manager/nor_sfdp/stm32_sfdp_data.c.obj
LOAD CMakeFiles/STM32_ExtMem_Manager.dir/C_/Users/Michi/Desktop/VL53L9EV/Middlewares/ST/STM32_ExtMem_Manager/nor_sfdp/stm32_sfdp_driver.c.obj
LOAD CMakeFiles/STM32_ExtMem_Manager.dir/C_/Users/Michi/Desktop/VL53L9EV/Middlewares/ST/STM32_ExtMem_Manager/psram/stm32_psram_driver.c.obj
LOAD CMakeFiles/STM32_ExtMem_Manager.dir/C_/Users/Michi/Desktop/VL53L9EV/Middlewares/ST/STM32_ExtMem_Manager/sdcard/stm32_sdcard_driver.c.obj
LOAD CMakeFiles/STM32_ExtMem_Manager.dir/C_/Users/Michi/Desktop/VL53L9EV/Middlewares/ST/STM32_ExtMem_Manager/user/stm32_user_driver.c.obj
LOAD CMakeFiles/VL53L9_eval_FSBL.dir/Core/Src/main.c.obj
LOAD CMakeFiles/VL53L9_eval_FSBL.dir/Core/Src/gpio.c.obj
LOAD CMakeFiles/VL53L9_eval_FSBL.dir/Core/Src/extmem_manager.c.obj
LOAD CMakeFiles/VL53L9_eval_FSBL.dir/Core/Src/hpdma.c.obj
LOAD CMakeFiles/VL53L9_eval_FSBL.dir/Core/Src/xspi.c.obj
LOAD CMakeFiles/VL53L9_eval_FSBL.dir/Core/Src/xspim.c.obj
LOAD CMakeFiles/VL53L9_eval_FSBL.dir/Core/Src/stm32n6xx_it.c.obj
LOAD CMakeFiles/VL53L9_eval_FSBL.dir/Core/Src/stm32n6xx_hal_msp.c.obj
LOAD CMakeFiles/VL53L9_eval_FSBL.dir/Core/Src/sysmem.c.obj
LOAD CMakeFiles/VL53L9_eval_FSBL.dir/Core/Src/syscalls.c.obj
LOAD CMakeFiles/VL53L9_eval_FSBL.dir/Core/Startup/startup_stm32n657xx_fsbl.s.obj
LOAD C:/Users/Michi/AppData/Local/stm32cube/bundles/gnu-tools-for-stm32/14.3.1+st.2/bin/../lib/gcc/arm-none-eabi/14.3.1/../../../../arm-none-eabi/lib/thumb/v8-m.main+dp/hard\libm.a
START GROUP
LOAD C:/Users/Michi/AppData/Local/stm32cube/bundles/gnu-tools-for-stm32/14.3.1+st.2/bin/../lib/gcc/arm-none-eabi/14.3.1/thumb/v8-m.main+dp/hard\libgcc.a
LOAD C:/Users/Michi/AppData/Local/stm32cube/bundles/gnu-tools-for-stm32/14.3.1+st.2/bin/../lib/gcc/arm-none-eabi/14.3.1/../../../../arm-none-eabi/lib/thumb/v8-m.main+dp/hard\libg_nano.a
LOAD C:/Users/Michi/AppData/Local/stm32cube/bundles/gnu-tools-for-stm32/14.3.1+st.2/bin/../lib/gcc/arm-none-eabi/14.3.1/../../../../arm-none-eabi/lib/thumb/v8-m.main+dp/hard\libc_nano.a
END GROUP
START GROUP
LOAD C:/Users/Michi/AppData/Local/stm32cube/bundles/gnu-tools-for-stm32/14.3.1+st.2/bin/../lib/gcc/arm-none-eabi/14.3.1/thumb/v8-m.main+dp/hard\libgcc.a
LOAD C:/Users/Michi/AppData/Local/stm32cube/bundles/gnu-tools-for-stm32/14.3.1+st.2/bin/../lib/gcc/arm-none-eabi/14.3.1/../../../../arm-none-eabi/lib/thumb/v8-m.main+dp/hard\libc_nano.a
END GROUP
LOAD C:/Users/Michi/AppData/Local/stm32cube/bundles/gnu-tools-for-stm32/14.3.1+st.2/bin/../lib/gcc/arm-none-eabi/14.3.1/thumb/v8-m.main+dp/hard/crtend.o
LOAD C:/Users/Michi/AppData/Local/stm32cube/bundles/gnu-tools-for-stm32/14.3.1+st.2/bin/../lib/gcc/arm-none-eabi/14.3.1/thumb/v8-m.main+dp/hard/crtn.o
                0x34200000                        _estack = (ORIGIN (RAM) + LENGTH (RAM))
                0x341ff800                        _sstack = (_estack - _Min_Stack_Size)
                0x00000200                        _Min_Heap_Size = 0x200
                0x00000800                        _Min_Stack_Size = 0x800

.isr_vector     0x34180400      0x34c
                0x34180400                        . = ALIGN (0x4)
 *(.isr_vector)
 .isr_vector    0x34180400      0x34c CMakeFiles/VL53L9_eval_FSBL.dir/Core/Startup/startup_stm32n657xx_fsbl.s.obj
                0x34180400                g_pfnVectors
                0x3418074c                        . = ALIGN (0x4)

.text           0x3418074c     0x6ce8
                0x3418074c                        . = ALIGN (0x4)
 *(.text)
 .text          0x3418074c       0x40 C:/Users/Michi/AppData/Local/stm32cube/bundles/gnu-tools-for-stm32/14.3.1+st.2/bin/../lib/gcc/arm-none-eabi/14.3.1/thumb/v8-m.main+dp/hard/crtbegin.o
 *(.text*)
 .text.SystemInit
                0x3418078c      0x218 CMakeFiles/STM32_Drivers.dir/Core/Src/system_stm32n6xx_fsbl.c.obj
                0x3418078c                SystemInit
 .text.SystemCoreClockUpdate
                0x341809a4      0x350 CMakeFiles/STM32_Drivers.dir/Core/Src/system_stm32n6xx_fsbl.c.obj
                0x341809a4                SystemCoreClockUpdate
 .text.SECURE_SystemCoreClockUpdate
                0x34180cf4       0x2c CMakeFiles/STM32_Drivers.dir/Core/Src/system_stm32n6xx_fsbl.c.obj
                0x34180cf4                __acle_se_SECURE_SystemCoreClockUpdate
 .text.__NVIC_SetPriorityGrouping
                0x34180d20       0x48 CMakeFiles/STM32_Drivers.dir/C_/Users/Michi/Desktop/VL53L9EV/Drivers/STM32N6xx_HAL_Driver/Src/stm32n6xx_hal_cortex.c.obj
 .text.__NVIC_GetPriorityGrouping
                0x34180d68       0x1c CMakeFiles/STM32_Drivers.dir/C_/Users/Michi/Desktop/VL53L9EV/Drivers/STM32N6xx_HAL_Driver/Src/stm32n6xx_hal_cortex.c.obj
 .text.__NVIC_SetPriority
                0x34180d84       0x54 CMakeFiles/STM32_Drivers.dir/C_/Users/Michi/Desktop/VL53L9EV/Drivers/STM32N6xx_HAL_Driver/Src/stm32n6xx_hal_cortex.c.obj
 .text.NVIC_EncodePriority
                0x34180dd8       0x66 CMakeFiles/STM32_Drivers.dir/C_/Users/Michi/Desktop/VL53L9EV/Drivers/STM32N6xx_HAL_Driver/Src/stm32n6xx_hal_cortex.c.obj
 *fill*         0x34180e3e        0x2 
 .text.SysTick_Config
                0x34180e40       0x44 CMakeFiles/STM32_Drivers.dir/C_/Users/Michi/Desktop/VL53L9EV/Drivers/STM32N6xx_HAL_Driver/Src/stm32n6xx_hal_cortex.c.obj
 .text.HAL_NVIC_SetPriorityGrouping
                0x34180e84       0x16 CMakeFiles/STM32_Drivers.dir/C_/Users/Michi/Desktop/VL53L9EV/Drivers/STM32N6xx_HAL_Driver/Src/stm32n6xx_hal_cortex.c.obj
                0x34180e84                HAL_NVIC_SetPriorityGrouping
 .text.HAL_NVIC_SetPriority
                0x34180e9a       0x3a CMakeFiles/STM32_Drivers.dir/C_/Users/Michi/Desktop/VL53L9EV/Drivers/STM32N6xx_HAL_Driver/Src/stm32n6xx_hal_cortex.c.obj
                0x34180e9a                HAL_NVIC_SetPriority
 .text.HAL_SYSTICK_Config
                0x34180ed4       0x18 CMakeFiles/STM32_Drivers.dir/C_/Users/Michi/Desktop/VL53L9EV/Drivers/STM32N6xx_HAL_Driver/Src/stm32n6xx_hal_cortex.c.obj
                0x34180ed4                HAL_SYSTICK_Config
 .text.LL_RCC_HSE_IsReady
                0x34180eec       0x24 CMakeFiles/STM32_Drivers.dir/C_/Users/Michi/Desktop/VL53L9EV/Drivers/STM32N6xx_HAL_Driver/Src/stm32n6xx_hal_rcc.c.obj
 .text.LL_RCC_HSI_Enable
                0x34180f10       0x1c CMakeFiles/STM32_Drivers.dir/C_/Users/Michi/Desktop/VL53L9EV/Drivers/STM32N6xx_HAL_Driver/Src/stm32n6xx_hal_rcc.c.obj
 .text.LL_RCC_HSI_Disable
                0x34180f2c       0x20 CMakeFiles/STM32_Drivers.dir/C_/Users/Michi/Desktop/VL53L9EV/Drivers/STM32N6xx_HAL_Driver/Src/stm32n6xx_hal_rcc.c.obj
 .text.LL_RCC_HSI_IsReady
                0x34180f4c       0x24 CMakeFiles/STM32_Drivers.dir/C_/Users/Michi/Desktop/VL53L9EV/Drivers/STM32N6xx_HAL_Driver/Src/stm32n6xx_hal_rcc.c.obj
 .text.LL_RCC_HSI_SetDivider
                0x34180f70       0x28 CMakeFiles/STM32_Drivers.dir/C_/Users/Michi/Desktop/VL53L9EV/Drivers/STM32N6xx_HAL_Driver/Src/stm32n6xx_hal_rcc.c.obj
 .text.LL_RCC_HSI_GetDivider
                0x34180f98       0x1c CMakeFiles/STM32_Drivers.dir/C_/Users/Michi/Desktop/VL53L9EV/Drivers/STM32N6xx_HAL_Driver/Src/stm32n6xx_hal_rcc.c.obj
 .text.LL_RCC_HSI_SetCalibTrimming
                0x34180fb4       0x2c CMakeFiles/STM32_Drivers.dir/C_/Users/Michi/Desktop/VL53L9EV/Drivers/STM32N6xx_HAL_Driver/Src/stm32n6xx_hal_rcc.c.obj
 .text.LL_RCC_MSI_Enable
                0x34180fe0       0x1c CMakeFiles/STM32_Drivers.dir/C_/Users/Michi/Desktop/VL53L9EV/Drivers/STM32N6xx_HAL_Driver/Src/stm32n6xx_hal_rcc.c.obj
 .text.LL_RCC_MSI_Disable
                0x34180ffc       0x20 CMakeFiles/STM32_Drivers.dir/C_/Users/Michi/Desktop/VL53L9EV/Drivers/STM32N6xx_HAL_Driver/Src/stm32n6xx_hal_rcc.c.obj
 .text.LL_RCC_MSI_IsReady
                0x3418101c       0x24 CMakeFiles/STM32_Drivers.dir/C_/Users/Michi/Desktop/VL53L9EV/Drivers/STM32N6xx_HAL_Driver/Src/stm32n6xx_hal_rcc.c.obj
 .text.LL_RCC_MSI_SetFrequency
                0x34181040       0x28 CMakeFiles/STM32_Drivers.dir/C_/Users/Michi/Desktop/VL53L9EV/Drivers/STM32N6xx_HAL_Driver/Src/stm32n6xx_hal_rcc.c.obj
 .text.LL_RCC_MSI_SetCalibTrimming
                0x34181068       0x2c CMakeFiles/STM32_Drivers.dir/C_/Users/Michi/Desktop/VL53L9EV/Drivers/STM32N6xx_HAL_Driver/Src/stm32n6xx_hal_rcc.c.obj
 .text.LL_RCC_LSE_IsReady
                0x34181094       0x24 CMakeFiles/STM32_Drivers.dir/C_/Users/Michi/Desktop/VL53L9EV/Drivers/STM32N6xx_HAL_Driver/Src/stm32n6xx_hal_rcc.c.obj
 .text.LL_RCC_LSI_Enable
                0x341810b8       0x1c CMakeFiles/STM32_Drivers.dir/C_/Users/Michi/Desktop/VL53L9EV/Drivers/STM32N6xx_HAL_Driver/Src/stm32n6xx_hal_rcc.c.obj
 .text.LL_RCC_LSI_Disable
                0x341810d4       0x20 CMakeFiles/STM32_Drivers.dir/C_/Users/Michi/Desktop/VL53L9EV/Drivers/STM32N6xx_HAL_Driver/Src/stm32n6xx_hal_rcc.c.obj
 .text.LL_RCC_LSI_IsReady
                0x341810f4       0x1c CMakeFiles/STM32_Drivers.dir/C_/Users/Michi/Desktop/VL53L9EV/Drivers/STM32N6xx_HAL_Driver/Src/stm32n6xx_hal_rcc.c.obj
 .text.LL_RCC_GetCpuClkSource
                0x34181110       0x1c CMakeFiles/STM32_Drivers.dir/C_/Users/Michi/Desktop/VL53L9EV/Drivers/STM32N6xx_HAL_Driver/Src/stm32n6xx_hal_rcc.c.obj
 .text.LL_RCC_GetSysClkSource
                0x3418112c       0x1c CMakeFiles/STM32_Drivers.dir/C_/Users/Michi/Desktop/VL53L9EV/Drivers/STM32N6xx_HAL_Driver/Src/stm32n6xx_hal_rcc.c.obj
 .text.LL_RCC_PLL1_GetSource
                0x34181148       0x1c CMakeFiles/STM32_Drivers.dir/C_/Users/Michi/Desktop/VL53L9EV/Drivers/STM32N6xx_HAL_Driver/Src/stm32n6xx_hal_rcc.c.obj
 .text.LL_RCC_PLL1_IsReady
                0x34181164       0x28 CMakeFiles/STM32_Drivers.dir/C_/Users/Michi/Desktop/VL53L9EV/Drivers/STM32N6xx_HAL_Driver/Src/stm32n6xx_hal_rcc.c.obj
 .text.LL_RCC_PLL1_IsEnabledBypass
                0x3418118c       0x28 CMakeFiles/STM32_Drivers.dir/C_/Users/Michi/Desktop/VL53L9EV/Drivers/STM32N6xx_HAL_Driver/Src/stm32n6xx_hal_rcc.c.obj
 .text.LL_RCC_PLL2_GetSource
                0x341811b4       0x1c CMakeFiles/STM32_Drivers.dir/C_/Users/Michi/Desktop/VL53L9EV/Drivers/STM32N6xx_HAL_Driver/Src/stm32n6xx_hal_rcc.c.obj
 .text.LL_RCC_PLL2_IsReady
                0x341811d0       0x28 CMakeFiles/STM32_Drivers.dir/C_/Users/Michi/Desktop/VL53L9EV/Drivers/STM32N6xx_HAL_Driver/Src/stm32n6xx_hal_rcc.c.obj
 .text.LL_RCC_PLL2_IsEnabledBypass
                0x341811f8       0x28 CMakeFiles/STM32_Drivers.dir/C_/Users/Michi/Desktop/VL53L9EV/Drivers/STM32N6xx_HAL_Driver/Src/stm32n6xx_hal_rcc.c.obj
 .text.LL_RCC_PLL3_GetSource
                0x34181220       0x1c CMakeFiles/STM32_Drivers.dir/C_/Users/Michi/Desktop/VL53L9EV/Drivers/STM32N6xx_HAL_Driver/Src/stm32n6xx_hal_rcc.c.obj
 .text.LL_RCC_PLL3_IsReady
                0x3418123c       0x28 CMakeFiles/STM32_Drivers.dir/C_/Users/Michi/Desktop/VL53L9EV/Drivers/STM32N6xx_HAL_Driver/Src/stm32n6xx_hal_rcc.c.obj
 .text.LL_RCC_PLL3_IsEnabledBypass
                0x34181264       0x28 CMakeFiles/STM32_Drivers.dir/C_/Users/Michi/Desktop/VL53L9EV/Drivers/STM32N6xx_HAL_Driver/Src/stm32n6xx_hal_rcc.c.obj
 .text.LL_RCC_PLL4_GetSource
                0x3418128c       0x1c CMakeFiles/STM32_Drivers.dir/C_/Users/Michi/Desktop/VL53L9EV/Drivers/STM32N6xx_HAL_Driver/Src/stm32n6xx_hal_rcc.c.obj
 .text.LL_RCC_PLL4_IsReady
                0x341812a8       0x28 CMakeFiles/STM32_Drivers.dir/C_/Users/Michi/Desktop/VL53L9EV/Drivers/STM32N6xx_HAL_Driver/Src/stm32n6xx_hal_rcc.c.obj
 .text.LL_RCC_PLL4_IsEnabledBypass
                0x341812d0       0x28 CMakeFiles/STM32_Drivers.dir/C_/Users/Michi/Desktop/VL53L9EV/Drivers/STM32N6xx_HAL_Driver/Src/stm32n6xx_hal_rcc.c.obj
 .text.LL_RCC_IC1_Enable
                0x341812f8       0x1c CMakeFiles/STM32_Drivers.dir/C_/Users/Michi/Desktop/VL53L9EV/Drivers/STM32N6xx_HAL_Driver/Src/stm32n6xx_hal_rcc.c.obj
 .text.LL_RCC_IC1_GetSource
                0x34181314       0x1c CMakeFiles/STM32_Drivers.dir/C_/Users/Michi/Desktop/VL53L9EV/Drivers/STM32N6xx_HAL_Driver/Src/stm32n6xx_hal_rcc.c.obj
 .text.LL_RCC_IC1_GetDivider
                0x34181330       0x20 CMakeFiles/STM32_Drivers.dir/C_/Users/Michi/Desktop/VL53L9EV/Drivers/STM32N6xx_HAL_Driver/Src/stm32n6xx_hal_rcc.c.obj
 .text.LL_RCC_IC2_GetSource
                0x34181350       0x1c CMakeFiles/STM32_Drivers.dir/C_/Users/Michi/Desktop/VL53L9EV/Drivers/STM32N6xx_HAL_Driver/Src/stm32n6xx_hal_rcc.c.obj
 .text.LL_RCC_IC6_GetSource
                0x3418136c       0x1c CMakeFiles/STM32_Drivers.dir/C_/Users/Michi/Desktop/VL53L9EV/Drivers/STM32N6xx_HAL_Driver/Src/stm32n6xx_hal_rcc.c.obj
 .text.LL_RCC_IC11_GetSource
                0x34181388       0x1c CMakeFiles/STM32_Drivers.dir/C_/Users/Michi/Desktop/VL53L9EV/Drivers/STM32N6xx_HAL_Driver/Src/stm32n6xx_hal_rcc.c.obj
 .text.HAL_RCC_OscConfig
                0x341813a4      0x7c0 CMakeFiles/STM32_Drivers.dir/C_/Users/Michi/Desktop/VL53L9EV/Drivers/STM32N6xx_HAL_Driver/Src/stm32n6xx_hal_rcc.c.obj
                0x341813a4                HAL_RCC_OscConfig
 .text.HAL_RCC_ClockConfig
                0x34181b64      0x408 CMakeFiles/STM32_Drivers.dir/C_/Users/Michi/Desktop/VL53L9EV/Drivers/STM32N6xx_HAL_Driver/Src/stm32n6xx_hal_rcc.c.obj
                0x34181b64                HAL_RCC_ClockConfig
 .text.HAL_RCC_GetCpuClockFreq
                0x34181f6c      0x100 CMakeFiles/STM32_Drivers.dir/C_/Users/Michi/Desktop/VL53L9EV/Drivers/STM32N6xx_HAL_Driver/Src/stm32n6xx_hal_rcc.c.obj
                0x34181f6c                HAL_RCC_GetCpuClockFreq
 .text.HAL_RCC_GetClockConfig
                0x3418206c       0xec CMakeFiles/STM32_Drivers.dir/C_/Users/Michi/Desktop/VL53L9EV/Drivers/STM32N6xx_HAL_Driver/Src/stm32n6xx_hal_rcc.c.obj
                0x3418206c                HAL_RCC_GetClockConfig
 .text.RCC_PLL_Config
                0x34182158      0x260 CMakeFiles/STM32_Drivers.dir/C_/Users/Michi/Desktop/VL53L9EV/Drivers/STM32N6xx_HAL_Driver/Src/stm32n6xx_hal_rcc.c.obj
 .text.RCC_PLL_Enable
                0x341823b8       0x58 CMakeFiles/STM32_Drivers.dir/C_/Users/Michi/Desktop/VL53L9EV/Drivers/STM32N6xx_HAL_Driver/Src/stm32n6xx_hal_rcc.c.obj
 .text.RCC_PLL_IsNewConfig
                0x34182410       0xf4 CMakeFiles/STM32_Drivers.dir/C_/Users/Michi/Desktop/VL53L9EV/Drivers/STM32N6xx_HAL_Driver/Src/stm32n6xx_hal_rcc.c.obj
 .text.RCC_PLL_Source_IsReady
                0x34182504       0x74 CMakeFiles/STM32_Drivers.dir/C_/Users/Michi/Desktop/VL53L9EV/Drivers/STM32N6xx_HAL_Driver/Src/stm32n6xx_hal_rcc.c.obj
 .text.RCC_IC_CheckPLLSources
                0x34182578      0x170 CMakeFiles/STM32_Drivers.dir/C_/Users/Michi/Desktop/VL53L9EV/Drivers/STM32N6xx_HAL_Driver/Src/stm32n6xx_hal_rcc.c.obj
 .text.LL_RCC_HSE_SelectHSEAsDiv2Clock
                0x341826e8       0x20 CMakeFiles/STM32_Drivers.dir/C_/Users/Michi/Desktop/VL53L9EV/Drivers/STM32N6xx_HAL_Driver/Src/stm32n6xx_hal_rcc_ex.c.obj
 .text.LL_RCC_HSE_SelectHSEDiv2AsDiv2Clock
                0x34182708       0x20 CMakeFiles/STM32_Drivers.dir/C_/Users/Michi/Desktop/VL53L9EV/Drivers/STM32N6xx_HAL_Driver/Src/stm32n6xx_hal_rcc_ex.c.obj
 .text.LL_RCC_HSE_IsReady
                0x34182728       0x24 CMakeFiles/STM32_Drivers.dir/C_/Users/Michi/Desktop/VL53L9EV/Drivers/STM32N6xx_HAL_Driver/Src/stm32n6xx_hal_rcc_ex.c.obj
 .text.LL_RCC_HSI_IsReady
                0x3418274c       0x24 CMakeFiles/STM32_Drivers.dir/C_/Users/Michi/Desktop/VL53L9EV/Drivers/STM32N6xx_HAL_Driver/Src/stm32n6xx_hal_rcc_ex.c.obj
 .text.LL_RCC_HSI_GetDivider
                0x34182770       0x1c CMakeFiles/STM32_Drivers.dir/C_/Users/Michi/Desktop/VL53L9EV/Drivers/STM32N6xx_HAL_Driver/Src/stm32n6xx_hal_rcc_ex.c.obj
 .text.LL_RCC_MSI_IsReady
                0x3418278c       0x24 CMakeFiles/STM32_Drivers.dir/C_/Users/Michi/Desktop/VL53L9EV/Drivers/STM32N6xx_HAL_Driver/Src/stm32n6xx_hal_rcc_ex.c.obj
 .text.LL_RCC_MSI_GetFrequency
                0x341827b0       0x1c CMakeFiles/STM32_Drivers.dir/C_/Users/Michi/Desktop/VL53L9EV/Drivers/STM32N6xx_HAL_Driver/Src/stm32n6xx_hal_rcc_ex.c.obj
 .text.LL_RCC_LSE_IsReady
                0x341827cc       0x24 CMakeFiles/STM32_Drivers.dir/C_/Users/Michi/Desktop/VL53L9EV/Drivers/STM32N6xx_HAL_Driver/Src/stm32n6xx_hal_rcc_ex.c.obj
 .text.LL_RCC_SetClockSource
                0x341827f0       0x54 CMakeFiles/STM32_Drivers.dir/C_/Users/Michi/Desktop/VL53L9EV/Drivers/STM32N6xx_HAL_Driver/Src/stm32n6xx_hal_rcc_ex.c.obj
 .text.LL_RCC_SetADFClockSource
                0x34182844       0x2c CMakeFiles/STM32_Drivers.dir/C_/Users/Michi/Desktop/VL53L9EV/Drivers/STM32N6xx_HAL_Driver/Src/stm32n6xx_hal_rcc_ex.c.obj
 .text.LL_RCC_SetCLKPClockSource
                0x34182870       0x2c CMakeFiles/STM32_Drivers.dir/C_/Users/Michi/Desktop/VL53L9EV/Drivers/STM32N6xx_HAL_Driver/Src/stm32n6xx_hal_rcc_ex.c.obj
 .text.LL_RCC_SetDCMIPPClockSource
                0x3418289c       0x2c CMakeFiles/STM32_Drivers.dir/C_/Users/Michi/Desktop/VL53L9EV/Drivers/STM32N6xx_HAL_Driver/Src/stm32n6xx_hal_rcc_ex.c.obj
 .text.LL_RCC_SetETHClockSource
                0x341828c8       0x2c CMakeFiles/STM32_Drivers.dir/C_/Users/Michi/Desktop/VL53L9EV/Drivers/STM32N6xx_HAL_Driver/Src/stm32n6xx_hal_rcc_ex.c.obj
 .text.LL_RCC_SetETHPHYInterface
                0x341828f4       0x2c CMakeFiles/STM32_Drivers.dir/C_/Users/Michi/Desktop/VL53L9EV/Drivers/STM32N6xx_HAL_Driver/Src/stm32n6xx_hal_rcc_ex.c.obj
 .text.LL_RCC_SetETHREFRXClockSource
                0x34182920       0x2c CMakeFiles/STM32_Drivers.dir/C_/Users/Michi/Desktop/VL53L9EV/Drivers/STM32N6xx_HAL_Driver/Src/stm32n6xx_hal_rcc_ex.c.obj
 .text.LL_RCC_SetETHREFTXClockSource
                0x3418294c       0x2c CMakeFiles/STM32_Drivers.dir/C_/Users/Michi/Desktop/VL53L9EV/Drivers/STM32N6xx_HAL_Driver/Src/stm32n6xx_hal_rcc_ex.c.obj
 .text.LL_RCC_SetFDCANClockSource
                0x34182978       0x2c CMakeFiles/STM32_Drivers.dir/C_/Users/Michi/Desktop/VL53L9EV/Drivers/STM32N6xx_HAL_Driver/Src/stm32n6xx_hal_rcc_ex.c.obj
 .text.LL_RCC_SetFMCClockSource
                0x341829a4       0x2c CMakeFiles/STM32_Drivers.dir/C_/Users/Michi/Desktop/VL53L9EV/Drivers/STM32N6xx_HAL_Driver/Src/stm32n6xx_hal_rcc_ex.c.obj
 .text.LL_RCC_SetI2CClockSource
                0x341829d0       0x16 CMakeFiles/STM32_Drivers.dir/C_/Users/Michi/Desktop/VL53L9EV/Drivers/STM32N6xx_HAL_Driver/Src/stm32n6xx_hal_rcc_ex.c.obj
 .text.LL_RCC_SetI3CClockSource
                0x341829e6       0x16 CMakeFiles/STM32_Drivers.dir/C_/Users/Michi/Desktop/VL53L9EV/Drivers/STM32N6xx_HAL_Driver/Src/stm32n6xx_hal_rcc_ex.c.obj
 .text.LL_RCC_SetLPTIMClockSource
                0x341829fc       0x16 CMakeFiles/STM32_Drivers.dir/C_/Users/Michi/Desktop/VL53L9EV/Drivers/STM32N6xx_HAL_Driver/Src/stm32n6xx_hal_rcc_ex.c.obj
 *fill*         0x34182a12        0x2 
 .text.LL_RCC_SetLPUARTClockSource
                0x34182a14       0x2c CMakeFiles/STM32_Drivers.dir/C_/Users/Michi/Desktop/VL53L9EV/Drivers/STM32N6xx_HAL_Driver/Src/stm32n6xx_hal_rcc_ex.c.obj
 .text.LL_RCC_SetLTDCClockSource
                0x34182a40       0x2c CMakeFiles/STM32_Drivers.dir/C_/Users/Michi/Desktop/VL53L9EV/Drivers/STM32N6xx_HAL_Driver/Src/stm32n6xx_hal_rcc_ex.c.obj
 .text.LL_RCC_SetMDFClockSource
                0x34182a6c       0x2c CMakeFiles/STM32_Drivers.dir/C_/Users/Michi/Desktop/VL53L9EV/Drivers/STM32N6xx_HAL_Driver/Src/stm32n6xx_hal_rcc_ex.c.obj
 .text.LL_RCC_SetOTGPHYClockSource
                0x34182a98       0x16 CMakeFiles/STM32_Drivers.dir/C_/Users/Michi/Desktop/VL53L9EV/Drivers/STM32N6xx_HAL_Driver/Src/stm32n6xx_hal_rcc_ex.c.obj
 .text.LL_RCC_SetOTGPHYCKREFClockSource
                0x34182aae       0x16 CMakeFiles/STM32_Drivers.dir/C_/Users/Michi/Desktop/VL53L9EV/Drivers/STM32N6xx_HAL_Driver/Src/stm32n6xx_hal_rcc_ex.c.obj
 .text.LL_RCC_SetPSSIClockSource
                0x34182ac4       0x2c CMakeFiles/STM32_Drivers.dir/C_/Users/Michi/Desktop/VL53L9EV/Drivers/STM32N6xx_HAL_Driver/Src/stm32n6xx_hal_rcc_ex.c.obj
 .text.LL_RCC_SetSAIClockSource
                0x34182af0       0x16 CMakeFiles/STM32_Drivers.dir/C_/Users/Michi/Desktop/VL53L9EV/Drivers/STM32N6xx_HAL_Driver/Src/stm32n6xx_hal_rcc_ex.c.obj
 .text.LL_RCC_SetSDMMCClockSource
                0x34182b06       0x16 CMakeFiles/STM32_Drivers.dir/C_/Users/Michi/Desktop/VL53L9EV/Drivers/STM32N6xx_HAL_Driver/Src/stm32n6xx_hal_rcc_ex.c.obj
 .text.LL_RCC_SetSPDIFRXClockSource
                0x34182b1c       0x2c CMakeFiles/STM32_Drivers.dir/C_/Users/Michi/Desktop/VL53L9EV/Drivers/STM32N6xx_HAL_Driver/Src/stm32n6xx_hal_rcc_ex.c.obj
 .text.LL_RCC_SetSPIClockSource
                0x34182b48       0x16 CMakeFiles/STM32_Drivers.dir/C_/Users/Michi/Desktop/VL53L9EV/Drivers/STM32N6xx_HAL_Driver/Src/stm32n6xx_hal_rcc_ex.c.obj
 .text.LL_RCC_SetUSARTClockSource
                0x34182b5e       0x16 CMakeFiles/STM32_Drivers.dir/C_/Users/Michi/Desktop/VL53L9EV/Drivers/STM32N6xx_HAL_Driver/Src/stm32n6xx_hal_rcc_ex.c.obj
 .text.LL_RCC_SetXSPIClockSource
                0x34182b74       0x16 CMakeFiles/STM32_Drivers.dir/C_/Users/Michi/Desktop/VL53L9EV/Drivers/STM32N6xx_HAL_Driver/Src/stm32n6xx_hal_rcc_ex.c.obj
 *fill*         0x34182b8a        0x2 
 .text.LL_RCC_SetRTCClockSource
                0x34182b8c       0x2c CMakeFiles/STM32_Drivers.dir/C_/Users/Michi/Desktop/VL53L9EV/Drivers/STM32N6xx_HAL_Driver/Src/stm32n6xx_hal_rcc_ex.c.obj
 .text.LL_RCC_GetRTCClockSource
                0x34182bb8       0x1c CMakeFiles/STM32_Drivers.dir/C_/Users/Michi/Desktop/VL53L9EV/Drivers/STM32N6xx_HAL_Driver/Src/stm32n6xx_hal_rcc_ex.c.obj
 .text.LL_RCC_SetRTC_HSEPrescaler
                0x34182bd4       0x2c CMakeFiles/STM32_Drivers.dir/C_/Users/Michi/Desktop/VL53L9EV/Drivers/STM32N6xx_HAL_Driver/Src/stm32n6xx_hal_rcc_ex.c.obj
 .text.LL_RCC_SetTIMPrescaler
                0x34182c00       0x2c CMakeFiles/STM32_Drivers.dir/C_/Users/Michi/Desktop/VL53L9EV/Drivers/STM32N6xx_HAL_Driver/Src/stm32n6xx_hal_rcc_ex.c.obj
 .text.LL_RCC_PLL1_GetSource
                0x34182c2c       0x1c CMakeFiles/STM32_Drivers.dir/C_/Users/Michi/Desktop/VL53L9EV/Drivers/STM32N6xx_HAL_Driver/Src/stm32n6xx_hal_rcc_ex.c.obj
 .text.LL_RCC_PLL1_IsReady
                0x34182c48       0x28 CMakeFiles/STM32_Drivers.dir/C_/Users/Michi/Desktop/VL53L9EV/Drivers/STM32N6xx_HAL_Driver/Src/stm32n6xx_hal_rcc_ex.c.obj
 .text.LL_RCC_PLL1_IsEnabledBypass
                0x34182c70       0x28 CMakeFiles/STM32_Drivers.dir/C_/Users/Michi/Desktop/VL53L9EV/Drivers/STM32N6xx_HAL_Driver/Src/stm32n6xx_hal_rcc_ex.c.obj
 .text.LL_RCC_PLL1_GetN
                0x34182c98       0x20 CMakeFiles/STM32_Drivers.dir/C_/Users/Michi/Desktop/VL53L9EV/Drivers/STM32N6xx_HAL_Driver/Src/stm32n6xx_hal_rcc_ex.c.obj
 .text.LL_RCC_PLL1_GetM
                0x34182cb8       0x20 CMakeFiles/STM32_Drivers.dir/C_/Users/Michi/Desktop/VL53L9EV/Drivers/STM32N6xx_HAL_Driver/Src/stm32n6xx_hal_rcc_ex.c.obj
 .text.LL_RCC_PLL1_GetP1
                0x34182cd8       0x20 CMakeFiles/STM32_Drivers.dir/C_/Users/Michi/Desktop/VL53L9EV/Drivers/STM32N6xx_HAL_Driver/Src/stm32n6xx_hal_rcc_ex.c.obj
 .text.LL_RCC_PLL1_GetP2
                0x34182cf8       0x20 CMakeFiles/STM32_Drivers.dir/C_/Users/Michi/Desktop/VL53L9EV/Drivers/STM32N6xx_HAL_Driver/Src/stm32n6xx_hal_rcc_ex.c.obj
 .text.LL_RCC_PLL1P_IsEnabled
                0x34182d18       0x28 CMakeFiles/STM32_Drivers.dir/C_/Users/Michi/Desktop/VL53L9EV/Drivers/STM32N6xx_HAL_Driver/Src/stm32n6xx_hal_rcc_ex.c.obj
 .text.LL_RCC_PLL1_GetFRACN
                0x34182d40       0x1c CMakeFiles/STM32_Drivers.dir/C_/Users/Michi/Desktop/VL53L9EV/Drivers/STM32N6xx_HAL_Driver/Src/stm32n6xx_hal_rcc_ex.c.obj
 .text.LL_RCC_PLL2_GetSource
                0x34182d5c       0x1c CMakeFiles/STM32_Drivers.dir/C_/Users/Michi/Desktop/VL53L9EV/Drivers/STM32N6xx_HAL_Driver/Src/stm32n6xx_hal_rcc_ex.c.obj
 .text.LL_RCC_PLL2_IsReady
                0x34182d78       0x28 CMakeFiles/STM32_Drivers.dir/C_/Users/Michi/Desktop/VL53L9EV/Drivers/STM32N6xx_HAL_Driver/Src/stm32n6xx_hal_rcc_ex.c.obj
 .text.LL_RCC_PLL2_IsEnabledBypass
                0x34182da0       0x28 CMakeFiles/STM32_Drivers.dir/C_/Users/Michi/Desktop/VL53L9EV/Drivers/STM32N6xx_HAL_Driver/Src/stm32n6xx_hal_rcc_ex.c.obj
 .text.LL_RCC_PLL2_GetN
                0x34182dc8       0x20 CMakeFiles/STM32_Drivers.dir/C_/Users/Michi/Desktop/VL53L9EV/Drivers/STM32N6xx_HAL_Driver/Src/stm32n6xx_hal_rcc_ex.c.obj
 .text.LL_RCC_PLL2_GetM
                0x34182de8       0x20 CMakeFiles/STM32_Drivers.dir/C_/Users/Michi/Desktop/VL53L9EV/Drivers/STM32N6xx_HAL_Driver/Src/stm32n6xx_hal_rcc_ex.c.obj
 .text.LL_RCC_PLL2_GetP1
                0x34182e08       0x20 CMakeFiles/STM32_Drivers.dir/C_/Users/Michi/Desktop/VL53L9EV/Drivers/STM32N6xx_HAL_Driver/Src/stm32n6xx_hal_rcc_ex.c.obj
 .text.LL_RCC_PLL2_GetP2
                0x34182e28       0x20 CMakeFiles/STM32_Drivers.dir/C_/Users/Michi/Desktop/VL53L9EV/Drivers/STM32N6xx_HAL_Driver/Src/stm32n6xx_hal_rcc_ex.c.obj
 .text.LL_RCC_PLL2P_IsEnabled
                0x34182e48       0x28 CMakeFiles/STM32_Drivers.dir/C_/Users/Michi/Desktop/VL53L9EV/Drivers/STM32N6xx_HAL_Driver/Src/stm32n6xx_hal_rcc_ex.c.obj
 .text.LL_RCC_PLL2_GetFRACN
                0x34182e70       0x1c CMakeFiles/STM32_Drivers.dir/C_/Users/Michi/Desktop/VL53L9EV/Drivers/STM32N6xx_HAL_Driver/Src/stm32n6xx_hal_rcc_ex.c.obj
 .text.LL_RCC_PLL3_GetSource
                0x34182e8c       0x1c CMakeFiles/STM32_Drivers.dir/C_/Users/Michi/Desktop/VL53L9EV/Drivers/STM32N6xx_HAL_Driver/Src/stm32n6xx_hal_rcc_ex.c.obj
 .text.LL_RCC_PLL3_IsReady
                0x34182ea8       0x28 CMakeFiles/STM32_Drivers.dir/C_/Users/Michi/Desktop/VL53L9EV/Drivers/STM32N6xx_HAL_Driver/Src/stm32n6xx_hal_rcc_ex.c.obj
 .text.LL_RCC_PLL3_IsEnabledBypass
                0x34182ed0       0x28 CMakeFiles/STM32_Drivers.dir/C_/Users/Michi/Desktop/VL53L9EV/Drivers/STM32N6xx_HAL_Driver/Src/stm32n6xx_hal_rcc_ex.c.obj
 .text.LL_RCC_PLL3_GetN
                0x34182ef8       0x20 CMakeFiles/STM32_Drivers.dir/C_/Users/Michi/Desktop/VL53L9EV/Drivers/STM32N6xx_HAL_Driver/Src/stm32n6xx_hal_rcc_ex.c.obj
 .text.LL_RCC_PLL3_GetM
                0x34182f18       0x20 CMakeFiles/STM32_Drivers.dir/C_/Users/Michi/Desktop/VL53L9EV/Drivers/STM32N6xx_HAL_Driver/Src/stm32n6xx_hal_rcc_ex.c.obj
 .text.LL_RCC_PLL3_GetP1
                0x34182f38       0x20 CMakeFiles/STM32_Drivers.dir/C_/Users/Michi/Desktop/VL53L9EV/Drivers/STM32N6xx_HAL_Driver/Src/stm32n6xx_hal_rcc_ex.c.obj
 .text.LL_RCC_PLL3_GetP2
                0x34182f58       0x20 CMakeFiles/STM32_Drivers.dir/C_/Users/Michi/Desktop/VL53L9EV/Drivers/STM32N6xx_HAL_Driver/Src/stm32n6xx_hal_rcc_ex.c.obj
 .text.LL_RCC_PLL3P_IsEnabled
                0x34182f78       0x28 CMakeFiles/STM32_Drivers.dir/C_/Users/Michi/Desktop/VL53L9EV/Drivers/STM32N6xx_HAL_Driver/Src/stm32n6xx_hal_rcc_ex.c.obj
 .text.LL_RCC_PLL3_GetFRACN
                0x34182fa0       0x1c CMakeFiles/STM32_Drivers.dir/C_/Users/Michi/Desktop/VL53L9EV/Drivers/STM32N6xx_HAL_Driver/Src/stm32n6xx_hal_rcc_ex.c.obj
 .text.LL_RCC_PLL4_GetSource
                0x34182fbc       0x1c CMakeFiles/STM32_Drivers.dir/C_/Users/Michi/Desktop/VL53L9EV/Drivers/STM32N6xx_HAL_Driver/Src/stm32n6xx_hal_rcc_ex.c.obj
 .text.LL_RCC_PLL4_IsReady
                0x34182fd8       0x28 CMakeFiles/STM32_Drivers.dir/C_/Users/Michi/Desktop/VL53L9EV/Drivers/STM32N6xx_HAL_Driver/Src/stm32n6xx_hal_rcc_ex.c.obj
 .text.LL_RCC_PLL4_IsEnabledBypass
                0x34183000       0x28 CMakeFiles/STM32_Drivers.dir/C_/Users/Michi/Desktop/VL53L9EV/Drivers/STM32N6xx_HAL_Driver/Src/stm32n6xx_hal_rcc_ex.c.obj
 .text.LL_RCC_PLL4_GetN
                0x34183028       0x20 CMakeFiles/STM32_Drivers.dir/C_/Users/Michi/Desktop/VL53L9EV/Drivers/STM32N6xx_HAL_Driver/Src/stm32n6xx_hal_rcc_ex.c.obj
 .text.LL_RCC_PLL4_GetM
                0x34183048       0x20 CMakeFiles/STM32_Drivers.dir/C_/Users/Michi/Desktop/VL53L9EV/Drivers/STM32N6xx_HAL_Driver/Src/stm32n6xx_hal_rcc_ex.c.obj
 .text.LL_RCC_PLL4_GetP1
                0x34183068       0x20 CMakeFiles/STM32_Drivers.dir/C_/Users/Michi/Desktop/VL53L9EV/Drivers/STM32N6xx_HAL_Driver/Src/stm32n6xx_hal_rcc_ex.c.obj
 .text.LL_RCC_PLL4_GetP2
                0x34183088       0x20 CMakeFiles/STM32_Drivers.dir/C_/Users/Michi/Desktop/VL53L9EV/Drivers/STM32N6xx_HAL_Driver/Src/stm32n6xx_hal_rcc_ex.c.obj
 .text.LL_RCC_PLL4P_IsEnabled
                0x341830a8       0x28 CMakeFiles/STM32_Drivers.dir/C_/Users/Michi/Desktop/VL53L9EV/Drivers/STM32N6xx_HAL_Driver/Src/stm32n6xx_hal_rcc_ex.c.obj
 .text.LL_RCC_PLL4_GetFRACN
                0x341830d0       0x1c CMakeFiles/STM32_Drivers.dir/C_/Users/Michi/Desktop/VL53L9EV/Drivers/STM32N6xx_HAL_Driver/Src/stm32n6xx_hal_rcc_ex.c.obj
 .text.LL_RCC_IC3_Enable
                0x341830ec       0x1c CMakeFiles/STM32_Drivers.dir/C_/Users/Michi/Desktop/VL53L9EV/Drivers/STM32N6xx_HAL_Driver/Src/stm32n6xx_hal_rcc_ex.c.obj
 .text.LL_RCC_IC4_Enable
                0x34183108       0x1c CMakeFiles/STM32_Drivers.dir/C_/Users/Michi/Desktop/VL53L9EV/Drivers/STM32N6xx_HAL_Driver/Src/stm32n6xx_hal_rcc_ex.c.obj
 .text.LL_RCC_IC5_Enable
                0x34183124       0x1c CMakeFiles/STM32_Drivers.dir/C_/Users/Michi/Desktop/VL53L9EV/Drivers/STM32N6xx_HAL_Driver/Src/stm32n6xx_hal_rcc_ex.c.obj
 .text.LL_RCC_IC7_Enable
                0x34183140       0x1c CMakeFiles/STM32_Drivers.dir/C_/Users/Michi/Desktop/VL53L9EV/Drivers/STM32N6xx_HAL_Driver/Src/stm32n6xx_hal_rcc_ex.c.obj
 .text.LL_RCC_IC8_Enable
                0x3418315c       0x1c CMakeFiles/STM32_Drivers.dir/C_/Users/Michi/Desktop/VL53L9EV/Drivers/STM32N6xx_HAL_Driver/Src/stm32n6xx_hal_rcc_ex.c.obj
 .text.LL_RCC_IC9_Enable
                0x34183178       0x1c CMakeFiles/STM32_Drivers.dir/C_/Users/Michi/Desktop/VL53L9EV/Drivers/STM32N6xx_HAL_Driver/Src/stm32n6xx_hal_rcc_ex.c.obj
 .text.LL_RCC_IC10_Enable
                0x34183194       0x1c CMakeFiles/STM32_Drivers.dir/C_/Users/Michi/Desktop/VL53L9EV/Drivers/STM32N6xx_HAL_Driver/Src/stm32n6xx_hal_rcc_ex.c.obj
 .text.LL_RCC_IC12_Enable
                0x341831b0       0x1c CMakeFiles/STM32_Drivers.dir/C_/Users/Michi/Desktop/VL53L9EV/Drivers/STM32N6xx_HAL_Driver/Src/stm32n6xx_hal_rcc_ex.c.obj
 .text.LL_RCC_IC13_Enable
                0x341831cc       0x1c CMakeFiles/STM32_Drivers.dir/C_/Users/Michi/Desktop/VL53L9EV/Drivers/STM32N6xx_HAL_Driver/Src/stm32n6xx_hal_rcc_ex.c.obj
 .text.LL_RCC_IC14_Enable
                0x341831e8       0x1c CMakeFiles/STM32_Drivers.dir/C_/Users/Michi/Desktop/VL53L9EV/Drivers/STM32N6xx_HAL_Driver/Src/stm32n6xx_hal_rcc_ex.c.obj
 .text.LL_RCC_IC15_Enable
                0x34183204       0x1c CMakeFiles/STM32_Drivers.dir/C_/Users/Michi/Desktop/VL53L9EV/Drivers/STM32N6xx_HAL_Driver/Src/stm32n6xx_hal_rcc_ex.c.obj
 .text.LL_RCC_IC16_Enable
                0x34183220       0x1c CMakeFiles/STM32_Drivers.dir/C_/Users/Michi/Desktop/VL53L9EV/Drivers/STM32N6xx_HAL_Driver/Src/stm32n6xx_hal_rcc_ex.c.obj
 .text.LL_RCC_IC17_Enable
                0x3418323c       0x1c CMakeFiles/STM32_Drivers.dir/C_/Users/Michi/Desktop/VL53L9EV/Drivers/STM32N6xx_HAL_Driver/Src/stm32n6xx_hal_rcc_ex.c.obj
 .text.LL_RCC_IC18_Enable
                0x34183258       0x1c CMakeFiles/STM32_Drivers.dir/C_/Users/Michi/Desktop/VL53L9EV/Drivers/STM32N6xx_HAL_Driver/Src/stm32n6xx_hal_rcc_ex.c.obj
 .text.LL_RCC_IC19_Enable
                0x34183274       0x1c CMakeFiles/STM32_Drivers.dir/C_/Users/Michi/Desktop/VL53L9EV/Drivers/STM32N6xx_HAL_Driver/Src/stm32n6xx_hal_rcc_ex.c.obj
 .text.LL_RCC_IC20_Enable
                0x34183290       0x1c CMakeFiles/STM32_Drivers.dir/C_/Users/Michi/Desktop/VL53L9EV/Drivers/STM32N6xx_HAL_Driver/Src/stm32n6xx_hal_rcc_ex.c.obj
 .text.LL_RCC_CLKP_Enable
                0x341832ac       0x1c CMakeFiles/STM32_Drivers.dir/C_/Users/Michi/Desktop/VL53L9EV/Drivers/STM32N6xx_HAL_Driver/Src/stm32n6xx_hal_rcc_ex.c.obj
 .text.HAL_RCCEx_PeriphCLKConfig
                0x341832c8     0x25c8 CMakeFiles/STM32_Drivers.dir/C_/Users/Michi/Desktop/VL53L9EV/Drivers/STM32N6xx_HAL_Driver/Src/stm32n6xx_hal_rcc_ex.c.obj
                0x341832c8                HAL_RCCEx_PeriphCLKConfig
 .text.HAL_RCCEx_GetPLL1CLKFreq
                0x34185890       0x8c CMakeFiles/STM32_Drivers.dir/C_/Users/Michi/Desktop/VL53L9EV/Drivers/STM32N6xx_HAL_Driver/Src/stm32n6xx_hal_rcc_ex.c.obj
                0x34185890                HAL_RCCEx_GetPLL1CLKFreq
 .text.HAL_RCCEx_GetPLL2CLKFreq
                0x3418591c       0x8c CMakeFiles/STM32_Drivers.dir/C_/Users/Michi/Desktop/VL53L9EV/Drivers/STM32N6xx_HAL_Driver/Src/stm32n6xx_hal_rcc_ex.c.obj
                0x3418591c                HAL_RCCEx_GetPLL2CLKFreq
 .text.HAL_RCCEx_GetPLL3CLKFreq
                0x341859a8       0x8c CMakeFiles/STM32_Drivers.dir/C_/Users/Michi/Desktop/VL53L9EV/Drivers/STM32N6xx_HAL_Driver/Src/stm32n6xx_hal_rcc_ex.c.obj
                0x341859a8                HAL_RCCEx_GetPLL3CLKFreq
 .text.HAL_RCCEx_GetPLL4CLKFreq
                0x34185a34       0x8c CMakeFiles/STM32_Drivers.dir/C_/Users/Michi/Desktop/VL53L9EV/Drivers/STM32N6xx_HAL_Driver/Src/stm32n6xx_hal_rcc_ex.c.obj
                0x34185a34                HAL_RCCEx_GetPLL4CLKFreq
 .text.RCCEx_GetPLLSourceFreq
                0x34185ac0       0xbc CMakeFiles/STM32_Drivers.dir/C_/Users/Michi/Desktop/VL53L9EV/Drivers/STM32N6xx_HAL_Driver/Src/stm32n6xx_hal_rcc_ex.c.obj
 .text.RCCEx_CalcPLLFreq
                0x34185b7c       0x98 CMakeFiles/STM32_Drivers.dir/C_/Users/Michi/Desktop/VL53L9EV/Drivers/STM32N6xx_HAL_Driver/Src/stm32n6xx_hal_rcc_ex.c.obj
 .text.HAL_GPIO_Init
                0x34185c14      0x364 CMakeFiles/STM32_Drivers.dir/C_/Users/Michi/Desktop/VL53L9EV/Drivers/STM32N6xx_HAL_Driver/Src/stm32n6xx_hal_gpio.c.obj
                0x34185c14                HAL_GPIO_Init
 .text.HAL_PWREx_ConfigSupply
                0x34185f78       0x50 CMakeFiles/STM32_Drivers.dir/C_/Users/Michi/Desktop/VL53L9EV/Drivers/STM32N6xx_HAL_Driver/Src/stm32n6xx_hal_pwr_ex.c.obj
                0x34185f78                HAL_PWREx_ConfigSupply
 .text.HAL_PWREx_ControlVoltageScaling
                0x34185fc8       0x50 CMakeFiles/STM32_Drivers.dir/C_/Users/Michi/Desktop/VL53L9EV/Drivers/STM32N6xx_HAL_Driver/Src/stm32n6xx_hal_pwr_ex.c.obj
                0x34185fc8                HAL_PWREx_ControlVoltageScaling
 .text.HAL_PWREx_ConfigVddIORange
                0x34186018       0xa4 CMakeFiles/STM32_Drivers.dir/C_/Users/Michi/Desktop/VL53L9EV/Drivers/STM32N6xx_HAL_Driver/Src/stm32n6xx_hal_pwr_ex.c.obj
                0x34186018                HAL_PWREx_ConfigVddIORange
 .text.HAL_PWREx_EnableVddIO2
                0x341860bc       0x20 CMakeFiles/STM32_Drivers.dir/C_/Users/Michi/Desktop/VL53L9EV/Drivers/STM32N6xx_HAL_Driver/Src/stm32n6xx_hal_pwr_ex.c.obj
                0x341860bc                HAL_PWREx_EnableVddIO2
 .text.HAL_PWREx_EnableVddIO4
                0x341860dc       0x20 CMakeFiles/STM32_Drivers.dir/C_/Users/Michi/Desktop/VL53L9EV/Drivers/STM32N6xx_HAL_Driver/Src/stm32n6xx_hal_pwr_ex.c.obj
                0x341860dc                HAL_PWREx_EnableVddIO4
 .text.HAL_Init
                0x341860fc       0x28 CMakeFiles/STM32_Drivers.dir/C_/Users/Michi/Desktop/VL53L9EV/Drivers/STM32N6xx_HAL_Driver/Src/stm32n6xx_hal.c.obj
                0x341860fc                HAL_Init
 .text.HAL_InitTick
                0x34186124       0x6c CMakeFiles/STM32_Drivers.dir/C_/Users/Michi/Desktop/VL53L9EV/Drivers/STM32N6xx_HAL_Driver/Src/stm32n6xx_hal.c.obj
                0x34186124                HAL_InitTick
 .text.HAL_IncTick
                0x34186190       0x28 CMakeFiles/STM32_Drivers.dir/C_/Users/Michi/Desktop/VL53L9EV/Drivers/STM32N6xx_HAL_Driver/Src/stm32n6xx_hal.c.obj
                0x34186190                HAL_IncTick
 .text.HAL_GetTick
                0x341861b8       0x18 CMakeFiles/STM32_Drivers.dir/C_/Users/Michi/Desktop/VL53L9EV/Drivers/STM32N6xx_HAL_Driver/Src/stm32n6xx_hal.c.obj
                0x341861b8                HAL_GetTick
 .text.HAL_Delay
                0x341861d0       0x48 CMakeFiles/STM32_Drivers.dir/C_/Users/Michi/Desktop/VL53L9EV/Drivers/STM32N6xx_HAL_Driver/Src/stm32n6xx_hal.c.obj
                0x341861d0                HAL_Delay
 .text.HAL_SuspendTick
                0x34186218       0x20 CMakeFiles/STM32_Drivers.dir/C_/Users/Michi/Desktop/VL53L9EV/Drivers/STM32N6xx_HAL_Driver/Src/stm32n6xx_hal.c.obj
                0x34186218                HAL_SuspendTick
 .text.LL_AHB5_GRP1_IsEnabledClock
                0x34186238       0x30 CMakeFiles/STM32_Drivers.dir/C_/Users/Michi/Desktop/VL53L9EV/Drivers/STM32N6xx_HAL_Driver/Src/stm32n6xx_hal_xspi.c.obj
 .text.HAL_XSPI_Init
                0x34186268      0x220 CMakeFiles/STM32_Drivers.dir/C_/Users/Michi/Desktop/VL53L9EV/Drivers/STM32N6xx_HAL_Driver/Src/stm32n6xx_hal_xspi.c.obj
                0x34186268                HAL_XSPI_Init
 .text.HAL_XSPI_SetTimeout
                0x34186488       0x1e CMakeFiles/STM32_Drivers.dir/C_/Users/Michi/Desktop/VL53L9EV/Drivers/STM32N6xx_HAL_Driver/Src/stm32n6xx_hal_xspi.c.obj
                0x34186488                HAL_XSPI_SetTimeout
 *fill*         0x341864a6        0x2 
 .text.HAL_XSPIM_Config
                0x341864a8      0x258 CMakeFiles/STM32_Drivers.dir/C_/Users/Michi/Desktop/VL53L9EV/Drivers/STM32N6xx_HAL_Driver/Src/stm32n6xx_hal_xspi.c.obj
                0x341864a8                HAL_XSPIM_Config
 .text.XSPI_WaitFlagStateUntilTimeout
                0x34186700       0x6c CMakeFiles/STM32_Drivers.dir/C_/Users/Michi/Desktop/VL53L9EV/Drivers/STM32N6xx_HAL_Driver/Src/stm32n6xx_hal_xspi.c.obj
 .text.XSPIM_GetConfig
                0x3418676c       0xc8 CMakeFiles/STM32_Drivers.dir/C_/Users/Michi/Desktop/VL53L9EV/Drivers/STM32N6xx_HAL_Driver/Src/stm32n6xx_hal_xspi.c.obj
 .text.EXTMEM_Init
                0x34186834       0x84 CMakeFiles/STM32_ExtMem_Manager.dir/C_/Users/Michi/Desktop/VL53L9EV/Middlewares/ST/STM32_ExtMem_Manager/stm32_extmem.c.obj
                0x34186834                EXTMEM_Init
 .text.EXTMEM_Read
                0x341868b8       0x88 CMakeFiles/STM32_ExtMem_Manager.dir/C_/Users/Michi/Desktop/VL53L9EV/Middlewares/ST/STM32_ExtMem_Manager/stm32_extmem.c.obj
                0x341868b8                EXTMEM_Read
 .text.EXTMEM_MemoryMappedMode
                0x34186940       0xa4 CMakeFiles/STM32_ExtMem_Manager.dir/C_/Users/Michi/Desktop/VL53L9EV/Middlewares/ST/STM32_ExtMem_Manager/stm32_extmem.c.obj
                0x34186940                EXTMEM_MemoryMappedMode
 .text.EXTMEM_GetMapAddress
                0x341869e4       0x78 CMakeFiles/STM32_ExtMem_Manager.dir/C_/Users/Michi/Desktop/VL53L9EV/Middlewares/ST/STM32_ExtMem_Manager/stm32_extmem.c.obj
                0x341869e4                EXTMEM_GetMapAddress
 .text.BOOT_Application
                0x34186a5c       0x34 CMakeFiles/STM32_ExtMem_Manager.dir/C_/Users/Michi/Desktop/VL53L9EV/Middlewares/ST/STM32_ExtMem_Manager/boot/stm32_boot_lrun.c.obj
                0x34186a5c                BOOT_Application
 .text.MapMemory
                0x34186a90       0x64 CMakeFiles/STM32_ExtMem_Manager.dir/C_/Users/Michi/Desktop/VL53L9EV/Middlewares/ST/STM32_ExtMem_Manager/boot/stm32_boot_lrun.c.obj
                0x34186a90                MapMemory
 .text.CopyApplication
                0x34186af4       0x94 CMakeFiles/STM32_ExtMem_Manager.dir/C_/Users/Michi/Desktop/VL53L9EV/Middlewares/ST/STM32_ExtMem_Manager/boot/stm32_boot_lrun.c.obj
                0x34186af4                CopyApplication
 .text.JumpToApplication
                0x34186b88      0x148 CMakeFiles/STM32_ExtMem_Manager.dir/C_/Users/Michi/Desktop/VL53L9EV/Middlewares/ST/STM32_ExtMem_Manager/boot/stm32_boot_lrun.c.obj
                0x34186b88                JumpToApplication
 .text.BOOT_GetApplicationSize
                0x34186cd0       0x18 CMakeFiles/STM32_ExtMem_Manager.dir/C_/Users/Michi/Desktop/VL53L9EV/Middlewares/ST/STM32_ExtMem_Manager/boot/stm32_boot_lrun.c.obj
                0x34186cd0                BOOT_GetApplicationSize
 .text.BOOT_GetApplicationVectorTable
                0x34186ce8       0x22 CMakeFiles/STM32_ExtMem_Manager.dir/C_/Users/Michi/Desktop/VL53L9EV/Middlewares/ST/STM32_ExtMem_Manager/boot/stm32_boot_lrun.c.obj
                0x34186ce8                BOOT_GetApplicationVectorTable
 .text.EXTMEM_DRIVER_USER_Init
                0x34186d0a       0x2a CMakeFiles/STM32_ExtMem_Manager.dir/C_/Users/Michi/Desktop/VL53L9EV/Middlewares/ST/STM32_ExtMem_Manager/user/stm32_user_driver.c.obj
                0x34186d0a                EXTMEM_DRIVER_USER_Init
 .text.EXTMEM_DRIVER_USER_Read
                0x34186d34       0x22 CMakeFiles/STM32_ExtMem_Manager.dir/C_/Users/Michi/Desktop/VL53L9EV/Middlewares/ST/STM32_ExtMem_Manager/user/stm32_user_driver.c.obj
                0x34186d34                EXTMEM_DRIVER_USER_Read
 .text.EXTMEM_DRIVER_USER_Enable_MemoryMappedMode
                0x34186d56       0x1c CMakeFiles/STM32_ExtMem_Manager.dir/C_/Users/Michi/Desktop/VL53L9EV/Middlewares/ST/STM32_ExtMem_Manager/user/stm32_user_driver.c.obj
                0x34186d56                EXTMEM_DRIVER_USER_Enable_MemoryMappedMode
 .text.EXTMEM_DRIVER_USER_Disable_MemoryMappedMode
                0x34186d72       0x1c CMakeFiles/STM32_ExtMem_Manager.dir/C_/Users/Michi/Desktop/VL53L9EV/Middlewares/ST/STM32_ExtMem_Manager/user/stm32_user_driver.c.obj
                0x34186d72                EXTMEM_DRIVER_USER_Disable_MemoryMappedMode
 .text.EXTMEM_DRIVER_USER_GetMapAddress
                0x34186d8e       0x1e CMakeFiles/STM32_ExtMem_Manager.dir/C_/Users/Michi/Desktop/VL53L9EV/Middlewares/ST/STM32_ExtMem_Manager/user/stm32_user_driver.c.obj
                0x34186d8e                EXTMEM_DRIVER_USER_GetMapAddress
 .text.main     0x34186dac       0x34 CMakeFiles/VL53L9_eval_FSBL.dir/Core/Src/main.c.obj
                0x34186dac                main
 .text.SystemClock_Config
                0x34186de0      0x1ae CMakeFiles/VL53L9_eval_FSBL.dir/Core/Src/main.c.obj
                0x34186de0                SystemClock_Config
 .text.PeriphCommonClock_Config
                0x34186f8e       0x72 CMakeFiles/VL53L9_eval_FSBL.dir/Core/Src/main.c.obj
                0x34186f8e                PeriphCommonClock_Config
 .text.Error_Handler
                0x34187000        0xc CMakeFiles/VL53L9_eval_FSBL.dir/Core/Src/main.c.obj
                0x34187000                Error_Handler
 .text.LL_AHB4_GRP1_EnableClock
                0x3418700c       0x2c CMakeFiles/VL53L9_eval_FSBL.dir/Core/Src/gpio.c.obj
 .text.MX_GPIO_Init
                0x34187038       0x54 CMakeFiles/VL53L9_eval_FSBL.dir/Core/Src/gpio.c.obj
                0x34187038                MX_GPIO_Init
 .text.MX_EXTMEM_MANAGER_Init
                0x3418708c       0x24 CMakeFiles/VL53L9_eval_FSBL.dir/Core/Src/extmem_manager.c.obj
                0x3418708c                MX_EXTMEM_MANAGER_Init
 .text.MX_HPDMA1_Init
                0x341870b0        0xe CMakeFiles/VL53L9_eval_FSBL.dir/Core/Src/hpdma.c.obj
                0x341870b0                MX_HPDMA1_Init
 *fill*         0x341870be        0x2 
 .text.LL_AHB4_GRP1_EnableClock
                0x341870c0       0x2c CMakeFiles/VL53L9_eval_FSBL.dir/Core/Src/xspi.c.obj
 .text.LL_AHB5_GRP1_EnableClock
                0x341870ec       0x2c CMakeFiles/VL53L9_eval_FSBL.dir/Core/Src/xspi.c.obj
 .text.MX_XSPI1_Init
                0x34187118       0xb8 CMakeFiles/VL53L9_eval_FSBL.dir/Core/Src/xspi.c.obj
                0x34187118                MX_XSPI1_Init
 .text.HAL_XSPI_MspInit
                0x341871d0      0x10c CMakeFiles/VL53L9_eval_FSBL.dir/Core/Src/xspi.c.obj
                0x341871d0                HAL_XSPI_MspInit
 .text.NMI_Handler
                0x341872dc        0x8 CMakeFiles/VL53L9_eval_FSBL.dir/Core/Src/stm32n6xx_it.c.obj
                0x341872dc                NMI_Handler
 .text.HardFault_Handler
                0x341872e4        0x8 CMakeFiles/VL53L9_eval_FSBL.dir/Core/Src/stm32n6xx_it.c.obj
                0x341872e4                HardFault_Handler
 .text.MemManage_Handler
                0x341872ec        0x8 CMakeFiles/VL53L9_eval_FSBL.dir/Core/Src/stm32n6xx_it.c.obj
                0x341872ec                MemManage_Handler
 .text.BusFault_Handler
                0x341872f4        0x8 CMakeFiles/VL53L9_eval_FSBL.dir/Core/Src/stm32n6xx_it.c.obj
                0x341872f4                BusFault_Handler
 .text.UsageFault_Handler
                0x341872fc        0x8 CMakeFiles/VL53L9_eval_FSBL.dir/Core/Src/stm32n6xx_it.c.obj
                0x341872fc                UsageFault_Handler
 .text.SecureFault_Handler
                0x34187304        0x8 CMakeFiles/VL53L9_eval_FSBL.dir/Core/Src/stm32n6xx_it.c.obj
                0x34187304                SecureFault_Handler
 .text.SVC_Handler
                0x3418730c        0xe CMakeFiles/VL53L9_eval_FSBL.dir/Core/Src/stm32n6xx_it.c.obj
                0x3418730c                SVC_Handler
 .text.DebugMon_Handler
                0x3418731a        0xe CMakeFiles/VL53L9_eval_FSBL.dir/Core/Src/stm32n6xx_it.c.obj
                0x3418731a                DebugMon_Handler
 .text.PendSV_Handler
                0x34187328        0xe CMakeFiles/VL53L9_eval_FSBL.dir/Core/Src/stm32n6xx_it.c.obj
                0x34187328                PendSV_Handler
 .text.SysTick_Handler
                0x34187336        0xc CMakeFiles/VL53L9_eval_FSBL.dir/Core/Src/stm32n6xx_it.c.obj
                0x34187336                SysTick_Handler
 .text.HAL_MspInit
                0x34187342       0x20 CMakeFiles/VL53L9_eval_FSBL.dir/Core/Src/stm32n6xx_hal_msp.c.obj
                0x34187342                HAL_MspInit
 *fill*         0x34187362        0x2 
 .text.Reset_Handler
                0x34187364       0x5c CMakeFiles/VL53L9_eval_FSBL.dir/Core/Startup/startup_stm32n657xx_fsbl.s.obj
                0x34187364                Reset_Handler
 .text.Default_Handler
                0x341873c0        0x2 CMakeFiles/VL53L9_eval_FSBL.dir/Core/Startup/startup_stm32n657xx_fsbl.s.obj
                0x341873c0                HPDMA1_Channel13_IRQHandler
                0x341873c0                EXTI2_IRQHandler
                0x341873c0                MCE2_IRQHandler
                0x341873c0                TIM8_CC_IRQHandler
                0x341873c0                USB2_OTG_HS_IRQHandler
                0x341873c0                SAI1_A_IRQHandler
                0x341873c0                EXTI5_IRQHandler
                0x341873c0                I3C1_ER_IRQHandler
                0x341873c0                UART8_IRQHandler
                0x341873c0                CTI_INT0_IRQHandler
                0x341873c0                SPI4_IRQHandler
                0x341873c0                LTDC_LO_IRQHandler
                0x341873c0                NPU2_IRQHandler
                0x341873c0                FDCAN3_IT0_IRQHandler
                0x341873c0                EXTI13_IRQHandler
                0x341873c0                TIM1_CC_IRQHandler
                0x341873c0                XSPI1_IRQHandler
                0x341873c0                TIM10_IRQHandler
                0x341873c0                JPEG_IRQHandler
                0x341873c0                TAMP_IRQHandler
                0x341873c0                CACHE_ECC_IRQHandler
                0x341873c0                TIM6_IRQHandler
                0x341873c0                CSI_IRQHandler
                0x341873c0                EXTI12_IRQHandler
                0x341873c0                GFXTIM_IRQHandler
                0x341873c0                EXTI3_IRQHandler
                0x341873c0                LPTIM4_IRQHandler
                0x341873c0                GPDMA1_Channel5_IRQHandler
                0x341873c0                EXTI8_IRQHandler
                0x341873c0                LPTIM2_IRQHandler
                0x341873c0                GFXMMU_IRQHandler
                0x341873c0                LTDC_LO_ERR_IRQHandler
                0x341873c0                I2C3_ER_IRQHandler
                0x341873c0                RIFSC_TAMPER_IRQHandler
                0x341873c0                USART10_IRQHandler
                0x341873c0                MDF1_FLT2_IRQHandler
                0x341873c0                LPTIM3_IRQHandler
                0x341873c0                SAI2_A_IRQHandler
                0x341873c0                EXTI0_IRQHandler
                0x341873c0                HPDMA1_Channel9_IRQHandler
                0x341873c0                I2C2_EV_IRQHandler
                0x341873c0                GPU2D_IRQHandler
                0x341873c0                FPU_IRQHandler
                0x341873c0                GPDMA1_Channel3_IRQHandler
                0x341873c0                GPDMA1_Channel7_IRQHandler
                0x341873c0                MDF1_FLT4_IRQHandler
                0x341873c0                FDCAN1_IT1_IRQHandler
                0x341873c0                HPDMA1_Channel3_IRQHandler
                0x341873c0                ADC1_2_IRQHandler
                0x341873c0                GPDMA1_Channel9_IRQHandler
                0x341873c0                SPI1_IRQHandler
                0x341873c0                CACHEAXI_IRQHandler
                0x341873c0                SAI1_B_IRQHandler
                0x341873c0                GPDMA1_Channel2_IRQHandler
                0x341873c0                PAHB_ERR_IRQHandler
                0x341873c0                TIM8_UP_IRQHandler
                0x341873c0                RCC_S_IRQHandler
                0x341873c0                MDF1_FLT1_IRQHandler
                0x341873c0                LTDC_UP_IRQHandler
                0x341873c0                LOCKUP_IRQHandler
                0x341873c0                PKA_IRQHandler
                0x341873c0                USART6_IRQHandler
                0x341873c0                HPDMA1_Channel2_IRQHandler
                0x341873c0                MDF1_FLT5_IRQHandler
                0x341873c0                MCE4_IRQHandler
                0x341873c0                I3C2_ER_IRQHandler
                0x341873c0                EXTI15_IRQHandler
                0x341873c0                TIM17_IRQHandler
                0x341873c0                USART3_IRQHandler
                0x341873c0                HPDMA1_Channel6_IRQHandler
                0x341873c0                CRYP_IRQHandler
                0x341873c0                RTC_IRQHandler
                0x341873c0                XSPI2_IRQHandler
                0x341873c0                EXTI9_IRQHandler
                0x341873c0                IAC_IRQHandler
                0x341873c0                HPDMA1_Channel0_IRQHandler
                0x341873c0                LPTIM5_IRQHandler
                0x341873c0                HPDMA1_Channel1_IRQHandler
                0x341873c0                UART5_IRQHandler
                0x341873c0                TIM4_IRQHandler
                0x341873c0                NPU3_IRQHandler
                0x341873c0                I3C2_EV_IRQHandler
                0x341873c0                I2C1_EV_IRQHandler
                0x341873c0                FDCAN_CU_IRQHandler
                0x341873c0                GPDMA1_Channel12_IRQHandler
                0x341873c0                HPDMA1_Channel7_IRQHandler
                0x341873c0                GPDMA1_Channel1_IRQHandler
                0x341873c0                TIM16_IRQHandler
                0x341873c0                GPDMA1_Channel15_IRQHandler
                0x341873c0                UART4_IRQHandler
                0x341873c0                TCM_ECC_IRQHandler
                0x341873c0                TIM3_IRQHandler
                0x341873c0                RCC_IRQHandler
                0x341873c0                UART9_IRQHandler
                0x341873c0                NPU1_IRQHandler
                0x341873c0                SAI2_B_IRQHandler
                0x341873c0                Default_Handler
                0x341873c0                GPDMA1_Channel8_IRQHandler
                0x341873c0                HPDMA1_Channel8_IRQHandler
                0x341873c0                TIM18_IRQHandler
                0x341873c0                TIM14_IRQHandler
                0x341873c0                TIM13_IRQHandler
                0x341873c0                CTI_INT1_IRQHandler
                0x341873c0                GPDMA1_Channel11_IRQHandler
                0x341873c0                GPU2D_ER_IRQHandler
                0x341873c0                SPI5_IRQHandler
                0x341873c0                TIM12_IRQHandler
                0x341873c0                TIM7_IRQHandler
                0x341873c0                FDCAN3_IT1_IRQHandler
                0x341873c0                HPDMA1_Channel10_IRQHandler
                0x341873c0                SDMMC1_IRQHandler
                0x341873c0                SAES_IRQHandler
                0x341873c0                TIM5_IRQHandler
                0x341873c0                UCPD1_IRQHandler
                0x341873c0                GPDMA1_Channel0_IRQHandler
                0x341873c0                I3C1_EV_IRQHandler
                0x341873c0                HPDMA1_Channel5_IRQHandler
                0x341873c0                TIM15_IRQHandler
                0x341873c0                I2C3_EV_IRQHandler
                0x341873c0                HPDMA1_Channel4_IRQHandler
                0x341873c0                HPDMA1_Channel15_IRQHandler
                0x341873c0                TIM9_IRQHandler
                0x341873c0                ETH1_IRQHandler
                0x341873c0                USB1_OTG_HS_IRQHandler
                0x341873c0                PVD_PVM_IRQHandler
                0x341873c0                SPI2_IRQHandler
                0x341873c0                TIM1_TRG_CCU_IRQHandler
                0x341873c0                HPDMA1_Channel11_IRQHandler
                0x341873c0                EXTI14_IRQHandler
                0x341873c0                EXTI11_IRQHandler
                0x341873c0                VENC_IRQHandler
                0x341873c0                GPDMA1_Channel14_IRQHandler
                0x341873c0                EXTI4_IRQHandler
                0x341873c0                RTC_S_IRQHandler
                0x341873c0                GPDMA1_Channel13_IRQHandler
                0x341873c0                RNG_IRQHandler
                0x341873c0                XSPI3_IRQHandler
                0x341873c0                FDCAN2_IT1_IRQHandler
                0x341873c0                TIM1_UP_IRQHandler
                0x341873c0                NPU0_IRQHandler
                0x341873c0                BCK_ECC_IRQHandler
                0x341873c0                WWDG_IRQHandler
                0x341873c0                SPI6_IRQHandler
                0x341873c0                MDIOS_IRQHandler
                0x341873c0                I2C4_EV_IRQHandler
                0x341873c0                FDCAN2_IT0_IRQHandler
                0x341873c0                IWDG_IRQHandler
                0x341873c0                HPDMA1_Channel14_IRQHandler
                0x341873c0                LPUART1_IRQHandler
                0x341873c0                FDCAN1_IT0_IRQHandler
                0x341873c0                MDF1_FLT0_IRQHandler
                0x341873c0                TIM2_IRQHandler
                0x341873c0                MCE3_IRQHandler
                0x341873c0                GPDMA1_Channel4_IRQHandler
                0x341873c0                EXTI7_IRQHandler
                0x341873c0                DMA2D_IRQHandler
                0x341873c0                TIM1_BRK_IRQHandler
                0x341873c0                EXTI1_IRQHandler
                0x341873c0                SDMMC2_IRQHandler
                0x341873c0                TIM11_IRQHandler
                0x341873c0                LTDC_UP_ERR_IRQHandler
                0x341873c0                UART7_IRQHandler
                0x341873c0                DTS_IRQHandler
                0x341873c0                MDF1_FLT3_IRQHandler
                0x341873c0                USART2_IRQHandler
                0x341873c0                GPDMA1_Channel6_IRQHandler
                0x341873c0                ADF1_FLT0_IRQHandler
                0x341873c0                I2C2_ER_IRQHandler
                0x341873c0                MCE1_IRQHandler
                0x341873c0                SPDIFRX_IRQHandler
                0x341873c0                TIM8_BRK_IRQHandler
                0x341873c0                HPDMA1_Channel12_IRQHandler
                0x341873c0                USART1_IRQHandler
                0x341873c0                EXTI10_IRQHandler
                0x341873c0                SPI3_IRQHandler
                0x341873c0                WAKEUP_PIN_IRQHandler
                0x341873c0                DCMIPP_IRQHandler
                0x341873c0                I2C1_ER_IRQHandler
                0x341873c0                FMC_IRQHandler
                0x341873c0                EXTI6_IRQHandler
                0x341873c0                LPTIM1_IRQHandler
                0x341873c0                DCMI_PSSI_IRQHandler
                0x341873c0                TIM8_TRG_CCU_IRQHandler
                0x341873c0                I2C4_ER_IRQHandler
                0x341873c0                GPDMA1_Channel10_IRQHandler
                0x341873c0                ICACHE_IRQHandler
                0x341873c0                HASH_IRQHandler
 .text.memset   0x341873c2       0x10 C:/Users/Michi/AppData/Local/stm32cube/bundles/gnu-tools-for-stm32/14.3.1+st.2/bin/../lib/gcc/arm-none-eabi/14.3.1/../../../../arm-none-eabi/lib/thumb/v8-m.main+dp/hard\libg_nano.a(libc_a-memset.o)
                0x341873c2                memset
 *fill*         0x341873d2        0x2 
 .text.__libc_init_array
                0x341873d4       0x48 C:/Users/Michi/AppData/Local/stm32cube/bundles/gnu-tools-for-stm32/14.3.1+st.2/bin/../lib/gcc/arm-none-eabi/14.3.1/../../../../arm-none-eabi/lib/thumb/v8-m.main+dp/hard\libg_nano.a(libc_a-init.o)
                0x341873d4                __libc_init_array
 *(.glue_7)
 .glue_7        0x3418741c        0x0 linker stubs
 *(.glue_7t)
 .glue_7t       0x3418741c        0x0 linker stubs
 *(.eh_frame)
 .eh_frame      0x3418741c        0x0 C:/Users/Michi/AppData/Local/stm32cube/bundles/gnu-tools-for-stm32/14.3.1+st.2/bin/../lib/gcc/arm-none-eabi/14.3.1/thumb/v8-m.main+dp/hard/crtbegin.o
 *(.RamFunc)
 *(.RamFunc*)
 *(.init)
 .init          0x3418741c        0x4 C:/Users/Michi/AppData/Local/stm32cube/bundles/gnu-tools-for-stm32/14.3.1+st.2/bin/../lib/gcc/arm-none-eabi/14.3.1/thumb/v8-m.main+dp/hard/crti.o
                0x3418741c                _init
 .init          0x34187420        0x8 C:/Users/Michi/AppData/Local/stm32cube/bundles/gnu-tools-for-stm32/14.3.1+st.2/bin/../lib/gcc/arm-none-eabi/14.3.1/thumb/v8-m.main+dp/hard/crtn.o
 *(.fini)
 .fini          0x34187428        0x4 C:/Users/Michi/AppData/Local/stm32cube/bundles/gnu-tools-for-stm32/14.3.1+st.2/bin/../lib/gcc/arm-none-eabi/14.3.1/thumb/v8-m.main+dp/hard/crti.o
                0x34187428                _fini
 .fini          0x3418742c        0x8 C:/Users/Michi/AppData/Local/stm32cube/bundles/gnu-tools-for-stm32/14.3.1+st.2/bin/../lib/gcc/arm-none-eabi/14.3.1/thumb/v8-m.main+dp/hard/crtn.o
                0x34187434                        . = ALIGN (0x4)
                0x34187434                        _etext = .

.vfp11_veneer   0x34187434        0x0
 .vfp11_veneer  0x34187434        0x0 linker stubs

.v4_bx          0x34187434        0x0
 .v4_bx         0x34187434        0x0 linker stubs

.iplt           0x34187434        0x0
 .iplt          0x34187434        0x0 C:/Users/Michi/AppData/Local/stm32cube/bundles/gnu-tools-for-stm32/14.3.1+st.2/bin/../lib/gcc/arm-none-eabi/14.3.1/thumb/v8-m.main+dp/hard/crtbegin.o

.rodata         0x34187434        0x0
                0x34187434                        . = ALIGN (0x4)
 *(.rodata)
 *(.rodata*)
                0x34187434                        . = ALIGN (0x4)

.ARM.extab      0x34187434        0x0
                0x34187434                        . = ALIGN (0x4)
 *(.ARM.extab* .gnu.linkonce.armextab.*)
                0x34187434                        . = ALIGN (0x4)

.ARM            0x34187434        0x0
                0x34187434                        . = ALIGN (0x4)
                0x34187434                        __exidx_start = .
 *(.ARM.exidx*)
                0x34187434                        __exidx_end = .
                0x34187434                        . = ALIGN (0x4)

.preinit_array  0x34187434        0x0
                0x34187434                        . = ALIGN (0x4)
                0x34187434                        PROVIDE (__preinit_array_start = .)
 *(.preinit_array*)
                0x34187434                        PROVIDE (__preinit_array_end = .)
                0x34187434                        . = ALIGN (0x4)

.init_array     0x34187434        0x4
                0x34187434                        . = ALIGN (0x4)
                0x34187434                        PROVIDE (__init_array_start = .)
 *(SORT_BY_NAME(.init_array.*))
 *(.init_array*)
 .init_array    0x34187434        0x4 C:/Users/Michi/AppData/Local/stm32cube/bundles/gnu-tools-for-stm32/14.3.1+st.2/bin/../lib/gcc/arm-none-eabi/14.3.1/thumb/v8-m.main+dp/hard/crtbegin.o
                0x34187438                        PROVIDE (__init_array_end = .)
                0x34187438                        . = ALIGN (0x4)

.fini_array     0x34187438        0x4
                0x34187438                        . = ALIGN (0x4)
                [!provide]                        PROVIDE (__fini_array_start = .)
 *(SORT_BY_NAME(.fini_array.*))
 *(.fini_array*)
 .fini_array    0x34187438        0x4 C:/Users/Michi/AppData/Local/stm32cube/bundles/gnu-tools-for-stm32/14.3.1+st.2/bin/../lib/gcc/arm-none-eabi/14.3.1/thumb/v8-m.main+dp/hard/crtbegin.o
                [!provide]                        PROVIDE (__fini_array_end = .)
                0x3418743c                        . = ALIGN (0x4)

.rel.dyn        0x3418743c        0x0
 .rel.iplt      0x3418743c        0x0 C:/Users/Michi/AppData/Local/stm32cube/bundles/gnu-tools-for-stm32/14.3.1+st.2/bin/../lib/gcc/arm-none-eabi/14.3.1/thumb/v8-m.main+dp/hard/crtbegin.o

.gnu.sgstubs    0x34187440       0x20
                0x34187440                        _sNSCVeneer = .
 *(.gnu.sgstubs*)
                0x34187440                        . = ALIGN (0x20)
 *fill*         0x34187440        0x0 
 FILL mask 0x00
 .gnu.sgstubs.__stub
                0x34187440        0x8 linker stubs
                0x34187440                SECURE_SystemCoreClockUpdate
                0x34187460                        _eNSCVeneer = .
                0x34187460                        _sidata = LOADADDR (.data)

.data           0x341c0000        0xc load address 0x34187460
                0x341c0000                        . = ALIGN (0x4)
                0x341c0000                        _sdata = .
 *(.data)
 *(.data*)
 .data.SystemCoreClock
                0x341c0000        0x4 CMakeFiles/STM32_Drivers.dir/Core/Src/system_stm32n6xx_fsbl.c.obj
                0x341c0000                SystemCoreClock
 .data.uwTickPrio
                0x341c0004        0x4 CMakeFiles/STM32_Drivers.dir/C_/Users/Michi/Desktop/VL53L9EV/Drivers/STM32N6xx_HAL_Driver/Src/stm32n6xx_hal.c.obj
                0x341c0004                uwTickPrio
 .data.uwTickFreq
                0x341c0008        0x1 CMakeFiles/STM32_Drivers.dir/C_/Users/Michi/Desktop/VL53L9EV/Drivers/STM32N6xx_HAL_Driver/Src/stm32n6xx_hal.c.obj
                0x341c0008                uwTickFreq
                0x341c000c                        . = ALIGN (0x4)
 *fill*         0x341c0009        0x3 

.igot.plt       0x341c000c        0x0 load address 0x3418746c
 .igot.plt      0x341c000c        0x0 C:/Users/Michi/AppData/Local/stm32cube/bundles/gnu-tools-for-stm32/14.3.1+st.2/bin/../lib/gcc/arm-none-eabi/14.3.1/thumb/v8-m.main+dp/hard/crtbegin.o

.tdata          0x341c000c        0x0 load address 0x3418746c
 *(.tdata .tdata.* .gnu.linkonce.td.*)
                0x341c000c                        . = ALIGN (0x4)
                0x341c000c                        _edata = .
                [!provide]                        PROVIDE (__data_end = .)
                [!provide]                        PROVIDE (__tdata_end = .)
                [!provide]                        PROVIDE (__tdata_start = ADDR (.tdata))
                [!provide]                        PROVIDE (__tdata_size = (__tdata_end - __tdata_start))
                [!provide]                        PROVIDE (__data_start = ADDR (.data))
                [!provide]                        PROVIDE (__data_size = (__data_end - __data_start))
                [!provide]                        PROVIDE (__tdata_source = LOADADDR (.tdata))
                [!provide]                        PROVIDE (__tdata_source_end = (LOADADDR (.tdata) + SIZEOF (.tdata)))
                [!provide]                        PROVIDE (__tdata_source_size = (__tdata_source_end - __tdata_source))
                [!provide]                        PROVIDE (__data_source = LOADADDR (.data))
                [!provide]                        PROVIDE (__data_source_end = __tdata_source_end)
                [!provide]                        PROVIDE (__data_source_size = (__data_source_end - __data_source))

.noncacheable   0x341c000c        0x4 load address 0x3418746c
                0x341c0010                        . = ALIGN (0x8)
 *fill*         0x341c000c        0x4 
                0x341c0010                        __snoncacheable = .
 *(.noncacheable)
                0x341c0010                        . = ALIGN (0x8)
                0x341c0010                        __enoncacheable = .

.tbss           0x341c0010        0x0 load address 0x3418746c
                0x341c0010                        _sbss = .
                0x341c0010                        __bss_start__ = _sbss
 *(.tbss .tbss.*)
                0x341c0010                        . = ALIGN (0x4)
                [!provide]                        PROVIDE (__tbss_end = .)
                [!provide]                        PROVIDE (__tbss_start = ADDR (.tbss))
                [!provide]                        PROVIDE (__tbss_size = (__tbss_end - __tbss_start))
                [!provide]                        PROVIDE (__tbss_offset = (ADDR (.tbss) - ADDR (.tdata)))
                [!provide]                        PROVIDE (__tls_base = __tdata_start)
                [!provide]                        PROVIDE (__tls_end = __tbss_end)
                [!provide]                        PROVIDE (__tls_size = (__tls_end - __tls_base))
                [!provide]                        PROVIDE (__tls_align = MAX (ALIGNOF (.tdata), ALIGNOF (.tbss)))
                [!provide]                        PROVIDE (__tls_size_align = (((__tls_size + __tls_align) - 0x1) & ~ ((__tls_align - 0x1))))
                [!provide]                        PROVIDE (__arm32_tls_tcb_offset = MAX (0x8, __tls_align))
                [!provide]                        PROVIDE (__arm64_tls_tcb_offset = MAX (0x10, __tls_align))

.bss            0x341c0010       0x9c load address 0x3418746c
 *(.bss)
 .bss           0x341c0010       0x1c C:/Users/Michi/AppData/Local/stm32cube/bundles/gnu-tools-for-stm32/14.3.1+st.2/bin/../lib/gcc/arm-none-eabi/14.3.1/thumb/v8-m.main+dp/hard/crtbegin.o
 *(.bss*)
 .bss.uwTick    0x341c002c        0x4 CMakeFiles/STM32_Drivers.dir/C_/Users/Michi/Desktop/VL53L9EV/Drivers/STM32N6xx_HAL_Driver/Src/stm32n6xx_hal.c.obj
                0x341c002c                uwTick
 .bss.extmem_list_config
                0x341c0030       0x14 CMakeFiles/STM32_ExtMem_Manager.dir/C_/Users/Michi/Desktop/VL53L9EV/Middlewares/ST/STM32_ExtMem_Manager/stm32_extmem.c.obj
                0x341c0030                extmem_list_config
 .bss.JumpToApp.0
                0x341c0044        0x4 CMakeFiles/STM32_ExtMem_Manager.dir/C_/Users/Michi/Desktop/VL53L9EV/Middlewares/ST/STM32_ExtMem_Manager/boot/stm32_boot_lrun.c.obj
 .bss.hxspi1    0x341c0048       0x64 CMakeFiles/VL53L9_eval_FSBL.dir/Core/Src/xspi.c.obj
                0x341c0048                hxspi1
 *(COMMON)
                0x341c00ac                        . = ALIGN (0x4)
                0x341c00ac                        _ebss = .
                0x341c00ac                        __bss_end__ = _ebss
                [!provide]                        PROVIDE (__bss_end = .)
                [!provide]                        PROVIDE (__non_tls_bss_start = ADDR (.bss))
                [!provide]                        PROVIDE (__bss_start = __tbss_start)
                [!provide]                        PROVIDE (__bss_size = (__bss_end - __bss_start))

._user_heap_stack
                0x341c00ac      0xa04 load address 0x3418746c
                0x341c00b0                        . = ALIGN (0x8)
 *fill*         0x341c00ac        0x4 
                [!provide]                        PROVIDE (end = .)
                0x341c00b0                        PROVIDE (_end = .)
                0x341c02b0                        . = (. + _Min_Heap_Size)
 *fill*         0x341c00b0      0x200 
                0x341c0ab0                        . = (. + _Min_Stack_Size)
 *fill*         0x341c02b0      0x800 
                0x341c0ab0                        . = ALIGN (0x8)

/DISCARD/
 libc.a:*(*)
 libm.a:*(*)
 libgcc.a:*(*)

.ARM.attributes
                0x00000000       0x3a
 *(.ARM.attributes)
 .ARM.attributes
                0x00000000       0x24 C:/Users/Michi/AppData/Local/stm32cube/bundles/gnu-tools-for-stm32/14.3.1+st.2/bin/../lib/gcc/arm-none-eabi/14.3.1/thumb/v8-m.main+dp/hard/crti.o
 .ARM.attributes
                0x00000024       0x36 C:/Users/Michi/AppData/Local/stm32cube/bundles/gnu-tools-for-stm32/14.3.1+st.2/bin/../lib/gcc/arm-none-eabi/14.3.1/thumb/v8-m.main+dp/hard/crtbegin.o
 .ARM.attributes
                0x0000005a       0x3e CMakeFiles/STM32_Drivers.dir/Core/Src/system_stm32n6xx_fsbl.c.obj
 .ARM.attributes
                0x00000098       0x3e CMakeFiles/STM32_Drivers.dir/C_/Users/Michi/Desktop/VL53L9EV/Drivers/STM32N6xx_HAL_Driver/Src/stm32n6xx_hal_cortex.c.obj
 .ARM.attributes
                0x000000d6       0x3e CMakeFiles/STM32_Drivers.dir/C_/Users/Michi/Desktop/VL53L9EV/Drivers/STM32N6xx_HAL_Driver/Src/stm32n6xx_hal_rcc.c.obj
 .ARM.attributes
                0x00000114       0x3e CMakeFiles/STM32_Drivers.dir/C_/Users/Michi/Desktop/VL53L9EV/Drivers/STM32N6xx_HAL_Driver/Src/stm32n6xx_hal_rcc_ex.c.obj
 .ARM.attributes
                0x00000152       0x3e CMakeFiles/STM32_Drivers.dir/C_/Users/Michi/Desktop/VL53L9EV/Drivers/STM32N6xx_HAL_Driver/Src/stm32n6xx_hal_gpio.c.obj
 .ARM.attributes
                0x00000190       0x3e CMakeFiles/STM32_Drivers.dir/C_/Users/Michi/Desktop/VL53L9EV/Drivers/STM32N6xx_HAL_Driver/Src/stm32n6xx_hal_pwr_ex.c.obj
 .ARM.attributes
                0x000001ce       0x3e CMakeFiles/STM32_Drivers.dir/C_/Users/Michi/Desktop/VL53L9EV/Drivers/STM32N6xx_HAL_Driver/Src/stm32n6xx_hal.c.obj
 .ARM.attributes
                0x0000020c       0x3e CMakeFiles/STM32_Drivers.dir/C_/Users/Michi/Desktop/VL53L9EV/Drivers/STM32N6xx_HAL_Driver/Src/stm32n6xx_hal_xspi.c.obj
 .ARM.attributes
                0x0000024a       0x3e CMakeFiles/STM32_ExtMem_Manager.dir/C_/Users/Michi/Desktop/VL53L9EV/Middlewares/ST/STM32_ExtMem_Manager/stm32_extmem.c.obj
 .ARM.attributes
                0x00000288       0x3e CMakeFiles/STM32_ExtMem_Manager.dir/C_/Users/Michi/Desktop/VL53L9EV/Middlewares/ST/STM32_ExtMem_Manager/boot/stm32_boot_lrun.c.obj
 .ARM.attributes
                0x000002c6       0x3e CMakeFiles/STM32_ExtMem_Manager.dir/C_/Users/Michi/Desktop/VL53L9EV/Middlewares/ST/STM32_ExtMem_Manager/user/stm32_user_driver.c.obj
 .ARM.attributes
                0x00000304       0x3e CMakeFiles/VL53L9_eval_FSBL.dir/Core/Src/main.c.obj
 .ARM.attributes
                0x00000342       0x3e CMakeFiles/VL53L9_eval_FSBL.dir/Core/Src/gpio.c.obj
 .ARM.attributes
                0x00000380       0x3e CMakeFiles/VL53L9_eval_FSBL.dir/Core/Src/extmem_manager.c.obj
 .ARM.attributes
                0x000003be       0x3e CMakeFiles/VL53L9_eval_FSBL.dir/Core/Src/hpdma.c.obj
 .ARM.attributes
                0x000003fc       0x3e CMakeFiles/VL53L9_eval_FSBL.dir/Core/Src/xspi.c.obj
 .ARM.attributes
                0x0000043a       0x3e CMakeFiles/VL53L9_eval_FSBL.dir/Core/Src/stm32n6xx_it.c.obj
 .ARM.attributes
                0x00000478       0x3e CMakeFiles/VL53L9_eval_FSBL.dir/Core/Src/stm32n6xx_hal_msp.c.obj
 .ARM.attributes
                0x000004b6       0x22 CMakeFiles/VL53L9_eval_FSBL.dir/Core/Startup/startup_stm32n657xx_fsbl.s.obj
 .ARM.attributes
                0x000004d8       0x36 C:/Users/Michi/AppData/Local/stm32cube/bundles/gnu-tools-for-stm32/14.3.1+st.2/bin/../lib/gcc/arm-none-eabi/14.3.1/../../../../arm-none-eabi/lib/thumb/v8-m.main+dp/hard\libg_nano.a(libc_a-memset.o)
 .ARM.attributes
                0x0000050e       0x36 C:/Users/Michi/AppData/Local/stm32cube/bundles/gnu-tools-for-stm32/14.3.1+st.2/bin/../lib/gcc/arm-none-eabi/14.3.1/../../../../arm-none-eabi/lib/thumb/v8-m.main+dp/hard\libg_nano.a(libc_a-init.o)
 .ARM.attributes
                0x00000544       0x24 C:/Users/Michi/AppData/Local/stm32cube/bundles/gnu-tools-for-stm32/14.3.1+st.2/bin/../lib/gcc/arm-none-eabi/14.3.1/thumb/v8-m.main+dp/hard/crtn.o
OUTPUT(VL53L9_eval_FSBL.elf elf32-littlearm)
LOAD linker stubs

.debug_info     0x00000000    0x14e30
 .debug_info    0x00000000     0x1a83 CMakeFiles/STM32_Drivers.dir/Core/Src/system_stm32n6xx_fsbl.c.obj
 .debug_info    0x00001a83     0x1490 CMakeFiles/STM32_Drivers.dir/C_/Users/Michi/Desktop/VL53L9EV/Drivers/STM32N6xx_HAL_Driver/Src/stm32n6xx_hal_cortex.c.obj
 .debug_info    0x00002f13     0x2161 CMakeFiles/STM32_Drivers.dir/C_/Users/Michi/Desktop/VL53L9EV/Drivers/STM32N6xx_HAL_Driver/Src/stm32n6xx_hal_rcc.c.obj
 .debug_info    0x00005074     0x3841 CMakeFiles/STM32_Drivers.dir/C_/Users/Michi/Desktop/VL53L9EV/Drivers/STM32N6xx_HAL_Driver/Src/stm32n6xx_hal_rcc_ex.c.obj
 .debug_info    0x000088b5      0xafd CMakeFiles/STM32_Drivers.dir/C_/Users/Michi/Desktop/VL53L9EV/Drivers/STM32N6xx_HAL_Driver/Src/stm32n6xx_hal_gpio.c.obj
 .debug_info    0x000093b2      0xd08 CMakeFiles/STM32_Drivers.dir/C_/Users/Michi/Desktop/VL53L9EV/Drivers/STM32N6xx_HAL_Driver/Src/stm32n6xx_hal_pwr_ex.c.obj
 .debug_info    0x0000a0ba     0x27e2 CMakeFiles/STM32_Drivers.dir/C_/Users/Michi/Desktop/VL53L9EV/Drivers/STM32N6xx_HAL_Driver/Src/stm32n6xx_hal.c.obj
 .debug_info    0x0000c89c     0x2c1c CMakeFiles/STM32_Drivers.dir/C_/Users/Michi/Desktop/VL53L9EV/Drivers/STM32N6xx_HAL_Driver/Src/stm32n6xx_hal_xspi.c.obj
 .debug_info    0x0000f4b8      0x7b8 CMakeFiles/STM32_ExtMem_Manager.dir/C_/Users/Michi/Desktop/VL53L9EV/Middlewares/ST/STM32_ExtMem_Manager/stm32_extmem.c.obj
 .debug_info    0x0000fc70      0x89d CMakeFiles/STM32_ExtMem_Manager.dir/C_/Users/Michi/Desktop/VL53L9EV/Middlewares/ST/STM32_ExtMem_Manager/boot/stm32_boot_lrun.c.obj
 .debug_info    0x0001050d      0x43d CMakeFiles/STM32_ExtMem_Manager.dir/C_/Users/Michi/Desktop/VL53L9EV/Middlewares/ST/STM32_ExtMem_Manager/user/stm32_user_driver.c.obj
 .debug_info    0x0001094a      0x807 CMakeFiles/VL53L9_eval_FSBL.dir/Core/Src/main.c.obj
 .debug_info    0x00011151     0x11cd CMakeFiles/VL53L9_eval_FSBL.dir/Core/Src/gpio.c.obj
 .debug_info    0x0001231e      0x265 CMakeFiles/VL53L9_eval_FSBL.dir/Core/Src/extmem_manager.c.obj
 .debug_info    0x00012583       0xe3 CMakeFiles/VL53L9_eval_FSBL.dir/Core/Src/hpdma.c.obj
 .debug_info    0x00012666     0x232a CMakeFiles/VL53L9_eval_FSBL.dir/Core/Src/xspi.c.obj
 .debug_info    0x00014990      0x17c CMakeFiles/VL53L9_eval_FSBL.dir/Core/Src/stm32n6xx_it.c.obj
 .debug_info    0x00014b0c      0x109 CMakeFiles/VL53L9_eval_FSBL.dir/Core/Src/stm32n6xx_hal_msp.c.obj
 .debug_info    0x00014c15       0x30 CMakeFiles/VL53L9_eval_FSBL.dir/Core/Startup/startup_stm32n657xx_fsbl.s.obj
 .debug_info    0x00014c45       0xe0 C:/Users/Michi/AppData/Local/stm32cube/bundles/gnu-tools-for-stm32/14.3.1+st.2/bin/../lib/gcc/arm-none-eabi/14.3.1/../../../../arm-none-eabi/lib/thumb/v8-m.main+dp/hard\libg_nano.a(libc_a-memset.o)
 .debug_info    0x00014d25      0x10b C:/Users/Michi/AppData/Local/stm32cube/bundles/gnu-tools-for-stm32/14.3.1+st.2/bin/../lib/gcc/arm-none-eabi/14.3.1/../../../../arm-none-eabi/lib/thumb/v8-m.main+dp/hard\libg_nano.a(libc_a-init.o)

.debug_abbrev   0x00000000     0x24ed
 .debug_abbrev  0x00000000      0x164 CMakeFiles/STM32_Drivers.dir/Core/Src/system_stm32n6xx_fsbl.c.obj
 .debug_abbrev  0x00000164      0x346 CMakeFiles/STM32_Drivers.dir/C_/Users/Michi/Desktop/VL53L9EV/Drivers/STM32N6xx_HAL_Driver/Src/stm32n6xx_hal_cortex.c.obj
 .debug_abbrev  0x000004aa      0x36a CMakeFiles/STM32_Drivers.dir/C_/Users/Michi/Desktop/VL53L9EV/Drivers/STM32N6xx_HAL_Driver/Src/stm32n6xx_hal_rcc.c.obj
 .debug_abbrev  0x00000814      0x305 CMakeFiles/STM32_Drivers.dir/C_/Users/Michi/Desktop/VL53L9EV/Drivers/STM32N6xx_HAL_Driver/Src/stm32n6xx_hal_rcc_ex.c.obj
 .debug_abbrev  0x00000b19      0x24d CMakeFiles/STM32_Drivers.dir/C_/Users/Michi/Desktop/VL53L9EV/Drivers/STM32N6xx_HAL_Driver/Src/stm32n6xx_hal_gpio.c.obj
 .debug_abbrev  0x00000d66      0x265 CMakeFiles/STM32_Drivers.dir/C_/Users/Michi/Desktop/VL53L9EV/Drivers/STM32N6xx_HAL_Driver/Src/stm32n6xx_hal_pwr_ex.c.obj
 .debug_abbrev  0x00000fcb      0x2bd CMakeFiles/STM32_Drivers.dir/C_/Users/Michi/Desktop/VL53L9EV/Drivers/STM32N6xx_HAL_Driver/Src/stm32n6xx_hal.c.obj
 .debug_abbrev  0x00001288      0x2b7 CMakeFiles/STM32_Drivers.dir/C_/Users/Michi/Desktop/VL53L9EV/Drivers/STM32N6xx_HAL_Driver/Src/stm32n6xx_hal_xspi.c.obj
 .debug_abbrev  0x0000153f      0x1dc CMakeFiles/STM32_ExtMem_Manager.dir/C_/Users/Michi/Desktop/VL53L9EV/Middlewares/ST/STM32_ExtMem_Manager/stm32_extmem.c.obj
 .debug_abbrev  0x0000171b      0x294 CMakeFiles/STM32_ExtMem_Manager.dir/C_/Users/Michi/Desktop/VL53L9EV/Middlewares/ST/STM32_ExtMem_Manager/boot/stm32_boot_lrun.c.obj
 .debug_abbrev  0x000019af       0xf9 CMakeFiles/STM32_ExtMem_Manager.dir/C_/Users/Michi/Desktop/VL53L9EV/Middlewares/ST/STM32_ExtMem_Manager/user/stm32_user_driver.c.obj
 .debug_abbrev  0x00001aa8      0x1db CMakeFiles/VL53L9_eval_FSBL.dir/Core/Src/main.c.obj
 .debug_abbrev  0x00001c83      0x19d CMakeFiles/VL53L9_eval_FSBL.dir/Core/Src/gpio.c.obj
 .debug_abbrev  0x00001e20      0x10f CMakeFiles/VL53L9_eval_FSBL.dir/Core/Src/extmem_manager.c.obj
 .debug_abbrev  0x00001f2f       0x7e CMakeFiles/VL53L9_eval_FSBL.dir/Core/Src/hpdma.c.obj
 .debug_abbrev  0x00001fad      0x25a CMakeFiles/VL53L9_eval_FSBL.dir/Core/Src/xspi.c.obj
 .debug_abbrev  0x00002207       0xac CMakeFiles/VL53L9_eval_FSBL.dir/Core/Src/stm32n6xx_it.c.obj
 .debug_abbrev  0x000022b3       0xaf CMakeFiles/VL53L9_eval_FSBL.dir/Core/Src/stm32n6xx_hal_msp.c.obj
 .debug_abbrev  0x00002362       0x24 CMakeFiles/VL53L9_eval_FSBL.dir/Core/Startup/startup_stm32n657xx_fsbl.s.obj
 .debug_abbrev  0x00002386       0x9e C:/Users/Michi/AppData/Local/stm32cube/bundles/gnu-tools-for-stm32/14.3.1+st.2/bin/../lib/gcc/arm-none-eabi/14.3.1/../../../../arm-none-eabi/lib/thumb/v8-m.main+dp/hard\libg_nano.a(libc_a-memset.o)
 .debug_abbrev  0x00002424       0xc9 C:/Users/Michi/AppData/Local/stm32cube/bundles/gnu-tools-for-stm32/14.3.1+st.2/bin/../lib/gcc/arm-none-eabi/14.3.1/../../../../arm-none-eabi/lib/thumb/v8-m.main+dp/hard\libg_nano.a(libc_a-init.o)

.debug_aranges  0x00000000     0x1710
 .debug_aranges
                0x00000000       0x30 CMakeFiles/STM32_Drivers.dir/Core/Src/system_stm32n6xx_fsbl.c.obj
 .debug_aranges
                0x00000030      0x178 CMakeFiles/STM32_Drivers.dir/C_/Users/Michi/Desktop/VL53L9EV/Drivers/STM32N6xx_HAL_Driver/Src/stm32n6xx_hal_cortex.c.obj
 .debug_aranges
                0x000001a8      0x2a0 CMakeFiles/STM32_Drivers.dir/C_/Users/Michi/Desktop/VL53L9EV/Drivers/STM32N6xx_HAL_Driver/Src/stm32n6xx_hal_rcc.c.obj
 .debug_aranges
                0x00000448      0x758 CMakeFiles/STM32_Drivers.dir/C_/Users/Michi/Desktop/VL53L9EV/Drivers/STM32N6xx_HAL_Driver/Src/stm32n6xx_hal_rcc_ex.c.obj
 .debug_aranges
                0x00000ba0       0xa8 CMakeFiles/STM32_Drivers.dir/C_/Users/Michi/Desktop/VL53L9EV/Drivers/STM32N6xx_HAL_Driver/Src/stm32n6xx_hal_gpio.c.obj
 .debug_aranges
                0x00000c48      0x260 CMakeFiles/STM32_Drivers.dir/C_/Users/Michi/Desktop/VL53L9EV/Drivers/STM32N6xx_HAL_Driver/Src/stm32n6xx_hal_pwr_ex.c.obj
 .debug_aranges
                0x00000ea8      0x3d0 CMakeFiles/STM32_Drivers.dir/C_/Users/Michi/Desktop/VL53L9EV/Drivers/STM32N6xx_HAL_Driver/Src/stm32n6xx_hal.c.obj
 .debug_aranges
                0x00001278      0x1a8 CMakeFiles/STM32_Drivers.dir/C_/Users/Michi/Desktop/VL53L9EV/Drivers/STM32N6xx_HAL_Driver/Src/stm32n6xx_hal_xspi.c.obj
 .debug_aranges
                0x00001420       0x68 CMakeFiles/STM32_ExtMem_Manager.dir/C_/Users/Michi/Desktop/VL53L9EV/Middlewares/ST/STM32_ExtMem_Manager/stm32_extmem.c.obj
 .debug_aranges
                0x00001488       0x48 CMakeFiles/STM32_ExtMem_Manager.dir/C_/Users/Michi/Desktop/VL53L9EV/Middlewares/ST/STM32_ExtMem_Manager/boot/stm32_boot_lrun.c.obj
 .debug_aranges
                0x000014d0       0x68 CMakeFiles/STM32_ExtMem_Manager.dir/C_/Users/Michi/Desktop/VL53L9EV/Middlewares/ST/STM32_ExtMem_Manager/user/stm32_user_driver.c.obj
 .debug_aranges
                0x00001538       0x38 CMakeFiles/VL53L9_eval_FSBL.dir/Core/Src/main.c.obj
 .debug_aranges
                0x00001570       0x28 CMakeFiles/VL53L9_eval_FSBL.dir/Core/Src/gpio.c.obj
 .debug_aranges
                0x00001598       0x20 CMakeFiles/VL53L9_eval_FSBL.dir/Core/Src/extmem_manager.c.obj
 .debug_aranges
                0x000015b8       0x20 CMakeFiles/VL53L9_eval_FSBL.dir/Core/Src/hpdma.c.obj
 .debug_aranges
                0x000015d8       0x48 CMakeFiles/VL53L9_eval_FSBL.dir/Core/Src/xspi.c.obj
 .debug_aranges
                0x00001620       0x68 CMakeFiles/VL53L9_eval_FSBL.dir/Core/Src/stm32n6xx_it.c.obj
 .debug_aranges
                0x00001688       0x20 CMakeFiles/VL53L9_eval_FSBL.dir/Core/Src/stm32n6xx_hal_msp.c.obj
 .debug_aranges
                0x000016a8       0x28 CMakeFiles/VL53L9_eval_FSBL.dir/Core/Startup/startup_stm32n657xx_fsbl.s.obj
 .debug_aranges
                0x000016d0       0x20 C:/Users/Michi/AppData/Local/stm32cube/bundles/gnu-tools-for-stm32/14.3.1+st.2/bin/../lib/gcc/arm-none-eabi/14.3.1/../../../../arm-none-eabi/lib/thumb/v8-m.main+dp/hard\libg_nano.a(libc_a-memset.o)
 .debug_aranges
                0x000016f0       0x20 C:/Users/Michi/AppData/Local/stm32cube/bundles/gnu-tools-for-stm32/14.3.1+st.2/bin/../lib/gcc/arm-none-eabi/14.3.1/../../../../arm-none-eabi/lib/thumb/v8-m.main+dp/hard\libg_nano.a(libc_a-init.o)

.debug_rnglists
                0x00000000     0x1147
 .debug_rnglists
                0x00000000       0x21 CMakeFiles/STM32_Drivers.dir/Core/Src/system_stm32n6xx_fsbl.c.obj
 .debug_rnglists
                0x00000021      0x115 CMakeFiles/STM32_Drivers.dir/C_/Users/Michi/Desktop/VL53L9EV/Drivers/STM32N6xx_HAL_Driver/Src/stm32n6xx_hal_cortex.c.obj
 .debug_rnglists
                0x00000136      0x201 CMakeFiles/STM32_Drivers.dir/C_/Users/Michi/Desktop/VL53L9EV/Drivers/STM32N6xx_HAL_Driver/Src/stm32n6xx_hal_rcc.c.obj
 .debug_rnglists
                0x00000337      0x5a1 CMakeFiles/STM32_Drivers.dir/C_/Users/Michi/Desktop/VL53L9EV/Drivers/STM32N6xx_HAL_Driver/Src/stm32n6xx_hal_rcc_ex.c.obj
 .debug_rnglists
                0x000008d8       0x80 CMakeFiles/STM32_Drivers.dir/C_/Users/Michi/Desktop/VL53L9EV/Drivers/STM32N6xx_HAL_Driver/Src/stm32n6xx_hal_gpio.c.obj
 .debug_rnglists
                0x00000958      0x1c9 CMakeFiles/STM32_Drivers.dir/C_/Users/Michi/Desktop/VL53L9EV/Drivers/STM32N6xx_HAL_Driver/Src/stm32n6xx_hal_pwr_ex.c.obj
 .debug_rnglists
                0x00000b21      0x2da CMakeFiles/STM32_Drivers.dir/C_/Users/Michi/Desktop/VL53L9EV/Drivers/STM32N6xx_HAL_Driver/Src/stm32n6xx_hal.c.obj
 .debug_rnglists
                0x00000dfb      0x14f CMakeFiles/STM32_Drivers.dir/C_/Users/Michi/Desktop/VL53L9EV/Drivers/STM32N6xx_HAL_Driver/Src/stm32n6xx_hal_xspi.c.obj
 .debug_rnglists
                0x00000f4a       0x4e CMakeFiles/STM32_ExtMem_Manager.dir/C_/Users/Michi/Desktop/VL53L9EV/Middlewares/ST/STM32_ExtMem_Manager/stm32_extmem.c.obj
 .debug_rnglists
                0x00000f98       0x33 CMakeFiles/STM32_ExtMem_Manager.dir/C_/Users/Michi/Desktop/VL53L9EV/Middlewares/ST/STM32_ExtMem_Manager/boot/stm32_boot_lrun.c.obj
 .debug_rnglists
                0x00000fcb       0x49 CMakeFiles/STM32_ExtMem_Manager.dir/C_/Users/Michi/Desktop/VL53L9EV/Middlewares/ST/STM32_ExtMem_Manager/user/stm32_user_driver.c.obj
 .debug_rnglists
                0x00001014       0x26 CMakeFiles/VL53L9_eval_FSBL.dir/Core/Src/main.c.obj
 .debug_rnglists
                0x0000103a       0x19 CMakeFiles/VL53L9_eval_FSBL.dir/Core/Src/gpio.c.obj
 .debug_rnglists
                0x00001053       0x13 CMakeFiles/VL53L9_eval_FSBL.dir/Core/Src/extmem_manager.c.obj
 .debug_rnglists
                0x00001066       0x13 CMakeFiles/VL53L9_eval_FSBL.dir/Core/Src/hpdma.c.obj
 .debug_rnglists
                0x00001079       0x33 CMakeFiles/VL53L9_eval_FSBL.dir/Core/Src/xspi.c.obj
 .debug_rnglists
                0x000010ac       0x49 CMakeFiles/VL53L9_eval_FSBL.dir/Core/Src/stm32n6xx_it.c.obj
 .debug_rnglists
                0x000010f5       0x13 CMakeFiles/VL53L9_eval_FSBL.dir/Core/Src/stm32n6xx_hal_msp.c.obj
 .debug_rnglists
                0x00001108       0x19 CMakeFiles/VL53L9_eval_FSBL.dir/Core/Startup/startup_stm32n657xx_fsbl.s.obj
 .debug_rnglists
                0x00001121       0x13 C:/Users/Michi/AppData/Local/stm32cube/bundles/gnu-tools-for-stm32/14.3.1+st.2/bin/../lib/gcc/arm-none-eabi/14.3.1/../../../../arm-none-eabi/lib/thumb/v8-m.main+dp/hard\libg_nano.a(libc_a-memset.o)
 .debug_rnglists
                0x00001134       0x13 C:/Users/Michi/AppData/Local/stm32cube/bundles/gnu-tools-for-stm32/14.3.1+st.2/bin/../lib/gcc/arm-none-eabi/14.3.1/../../../../arm-none-eabi/lib/thumb/v8-m.main+dp/hard\libg_nano.a(libc_a-init.o)

.debug_macro    0x00000000    0x53fa6
 .debug_macro   0x00000000      0x296 CMakeFiles/STM32_Drivers.dir/Core/Src/system_stm32n6xx_fsbl.c.obj
 .debug_macro   0x00000296      0xb5c CMakeFiles/STM32_Drivers.dir/Core/Src/system_stm32n6xx_fsbl.c.obj
 .debug_macro   0x00000df2       0x2e CMakeFiles/STM32_Drivers.dir/Core/Src/system_stm32n6xx_fsbl.c.obj
 .debug_macro   0x00000e20       0x6c CMakeFiles/STM32_Drivers.dir/Core/Src/system_stm32n6xx_fsbl.c.obj
 .debug_macro   0x00000e8c       0x22 CMakeFiles/STM32_Drivers.dir/Core/Src/system_stm32n6xx_fsbl.c.obj
 .debug_macro   0x00000eae       0x8e CMakeFiles/STM32_Drivers.dir/Core/Src/system_stm32n6xx_fsbl.c.obj
 .debug_macro   0x00000f3c       0x51 CMakeFiles/STM32_Drivers.dir/Core/Src/system_stm32n6xx_fsbl.c.obj
 .debug_macro   0x00000f8d      0x103 CMakeFiles/STM32_Drivers.dir/Core/Src/system_stm32n6xx_fsbl.c.obj
 .debug_macro   0x00001090       0x6a CMakeFiles/STM32_Drivers.dir/Core/Src/system_stm32n6xx_fsbl.c.obj
 .debug_macro   0x000010fa      0x1df CMakeFiles/STM32_Drivers.dir/Core/Src/system_stm32n6xx_fsbl.c.obj
 .debug_macro   0x000012d9       0x2e CMakeFiles/STM32_Drivers.dir/Core/Src/system_stm32n6xx_fsbl.c.obj
 .debug_macro   0x00001307       0x17 CMakeFiles/STM32_Drivers.dir/Core/Src/system_stm32n6xx_fsbl.c.obj
 .debug_macro   0x0000131e       0x58 CMakeFiles/STM32_Drivers.dir/Core/Src/system_stm32n6xx_fsbl.c.obj
 .debug_macro   0x00001376      0x26d CMakeFiles/STM32_Drivers.dir/Core/Src/system_stm32n6xx_fsbl.c.obj
 .debug_macro   0x000015e3       0x3a CMakeFiles/STM32_Drivers.dir/Core/Src/system_stm32n6xx_fsbl.c.obj
 .debug_macro   0x0000161d     0x2f0c CMakeFiles/STM32_Drivers.dir/Core/Src/system_stm32n6xx_fsbl.c.obj
 .debug_macro   0x00004529      0x130 CMakeFiles/STM32_Drivers.dir/Core/Src/system_stm32n6xx_fsbl.c.obj
 .debug_macro   0x00004659      0x344 CMakeFiles/STM32_Drivers.dir/Core/Src/system_stm32n6xx_fsbl.c.obj
 .debug_macro   0x0000499d      0x146 CMakeFiles/STM32_Drivers.dir/Core/Src/system_stm32n6xx_fsbl.c.obj
 .debug_macro   0x00004ae3       0x22 CMakeFiles/STM32_Drivers.dir/Core/Src/system_stm32n6xx_fsbl.c.obj
 .debug_macro   0x00004b05    0x3e927 CMakeFiles/STM32_Drivers.dir/Core/Src/system_stm32n6xx_fsbl.c.obj
 .debug_macro   0x0004342c       0x6c CMakeFiles/STM32_Drivers.dir/Core/Src/system_stm32n6xx_fsbl.c.obj
 .debug_macro   0x00043498      0x1d3 CMakeFiles/STM32_Drivers.dir/Core/Src/system_stm32n6xx_fsbl.c.obj
 .debug_macro   0x0004366b      0x190 CMakeFiles/STM32_Drivers.dir/Core/Src/system_stm32n6xx_fsbl.c.obj
 .debug_macro   0x000437fb       0x63 CMakeFiles/STM32_Drivers.dir/Core/Src/system_stm32n6xx_fsbl.c.obj
 .debug_macro   0x0004385e     0x3486 CMakeFiles/STM32_Drivers.dir/Core/Src/system_stm32n6xx_fsbl.c.obj
 .debug_macro   0x00046ce4       0x74 CMakeFiles/STM32_Drivers.dir/Core/Src/system_stm32n6xx_fsbl.c.obj
 .debug_macro   0x00046d58       0x29 CMakeFiles/STM32_Drivers.dir/Core/Src/system_stm32n6xx_fsbl.c.obj
 .debug_macro   0x00046d81       0x3c CMakeFiles/STM32_Drivers.dir/Core/Src/system_stm32n6xx_fsbl.c.obj
 .debug_macro   0x00046dbd       0x34 CMakeFiles/STM32_Drivers.dir/Core/Src/system_stm32n6xx_fsbl.c.obj
 .debug_macro   0x00046df1      0x364 CMakeFiles/STM32_Drivers.dir/Core/Src/system_stm32n6xx_fsbl.c.obj
 .debug_macro   0x00047155       0x16 CMakeFiles/STM32_Drivers.dir/Core/Src/system_stm32n6xx_fsbl.c.obj
 .debug_macro   0x0004716b       0x4a CMakeFiles/STM32_Drivers.dir/Core/Src/system_stm32n6xx_fsbl.c.obj
 .debug_macro   0x000471b5       0x34 CMakeFiles/STM32_Drivers.dir/Core/Src/system_stm32n6xx_fsbl.c.obj
 .debug_macro   0x000471e9       0x10 CMakeFiles/STM32_Drivers.dir/Core/Src/system_stm32n6xx_fsbl.c.obj
 .debug_macro   0x000471f9       0x58 CMakeFiles/STM32_Drivers.dir/Core/Src/system_stm32n6xx_fsbl.c.obj
 .debug_macro   0x00047251      0x1de CMakeFiles/STM32_Drivers.dir/Core/Src/system_stm32n6xx_fsbl.c.obj
 .debug_macro   0x0004742f      0x19b CMakeFiles/STM32_Drivers.dir/Core/Src/system_stm32n6xx_fsbl.c.obj
 .debug_macro   0x000475ca       0x72 CMakeFiles/STM32_Drivers.dir/Core/Src/system_stm32n6xx_fsbl.c.obj
 .debug_macro   0x0004763c      0x47a CMakeFiles/STM32_Drivers.dir/Core/Src/system_stm32n6xx_fsbl.c.obj
 .debug_macro   0x00047ab6     0x10fe CMakeFiles/STM32_Drivers.dir/Core/Src/system_stm32n6xx_fsbl.c.obj
 .debug_macro   0x00048bb4     0x27e2 CMakeFiles/STM32_Drivers.dir/Core/Src/system_stm32n6xx_fsbl.c.obj
 .debug_macro   0x0004b396      0xfd4 CMakeFiles/STM32_Drivers.dir/Core/Src/system_stm32n6xx_fsbl.c.obj
 .debug_macro   0x0004c36a      0x1af CMakeFiles/STM32_Drivers.dir/Core/Src/system_stm32n6xx_fsbl.c.obj
 .debug_macro   0x0004c519      0x2c9 CMakeFiles/STM32_Drivers.dir/Core/Src/system_stm32n6xx_fsbl.c.obj
 .debug_macro   0x0004c7e2      0x2c4 CMakeFiles/STM32_Drivers.dir/Core/Src/system_stm32n6xx_fsbl.c.obj
 .debug_macro   0x0004caa6      0xa36 CMakeFiles/STM32_Drivers.dir/Core/Src/system_stm32n6xx_fsbl.c.obj
 .debug_macro   0x0004d4dc      0x7b2 CMakeFiles/STM32_Drivers.dir/Core/Src/system_stm32n6xx_fsbl.c.obj
 .debug_macro   0x0004dc8e       0xeb CMakeFiles/STM32_Drivers.dir/Core/Src/system_stm32n6xx_fsbl.c.obj
 .debug_macro   0x0004dd79      0x216 CMakeFiles/STM32_Drivers.dir/Core/Src/system_stm32n6xx_fsbl.c.obj
 .debug_macro   0x0004df8f      0x36b CMakeFiles/STM32_Drivers.dir/Core/Src/system_stm32n6xx_fsbl.c.obj
 .debug_macro   0x0004e2fa      0x303 CMakeFiles/STM32_Drivers.dir/Core/Src/system_stm32n6xx_fsbl.c.obj
 .debug_macro   0x0004e5fd      0x46a CMakeFiles/STM32_Drivers.dir/Core/Src/system_stm32n6xx_fsbl.c.obj
 .debug_macro   0x0004ea67      0x72d CMakeFiles/STM32_Drivers.dir/Core/Src/system_stm32n6xx_fsbl.c.obj
 .debug_macro   0x0004f194      0x5fb CMakeFiles/STM32_Drivers.dir/Core/Src/system_stm32n6xx_fsbl.c.obj