C:/Users/Michi/Desktop/VL53L9EV/Appli/USBPD/App/usbpd_dpm_core.c:103:21:USBPD_DPM_InitCore	16	static
C:/Users/Michi/Desktop/VL53L9EV/Appli/USBPD/App/usbpd_dpm_core.c:206:21:USBPD_DPM_InitOS	16	static
C:/Users/Michi/Desktop/VL53L9EV/Appli/USBPD/App/usbpd_dpm_core.c:304:6:USBPD_DPM_Run	16	static
C:/Users/Michi/Desktop/VL53L9EV/Appli/USBPD/App/usbpd_dpm_core.c:359:6:USBPD_DPM_TimerCounter	8	static
C:/Users/Michi/Desktop/VL53L9EV/Appli/USBPD/App/usbpd_dpm_core.c:384:13:USBPD_PE_TaskWakeUp	16	static
C:/Users/Michi/Desktop/VL53L9EV/Appli/USBPD/App/usbpd_dpm_core.c:397:13:USBPD_DPM_CADTaskWakeUp	4	static
C:/Users/Michi/Desktop/VL53L9EV/Appli/USBPD/App/usbpd_dpm_core.c:413:6:USBPD_DPM_CADCallback	16	static
C:/Users/Michi/Desktop/VL53L9EV/Appli/USBPD/App/usbpd_dpm_core.c:457:13:DPM_StartPETask	16	static
C:/Users/Michi/Desktop/VL53L9EV/Appli/USBPD/App/usbpd_dpm_core.c:470:13:USBPD_DPM_ErrorHandler	4	static
