C:/Users/Michi/Desktop/VL53L9EV/Appli/../Drivers/STM32N6xx_HAL_Driver/Inc/stm32n6xx_ll_bus.h:1165:22:LL_AHB3_GRP1_EnableClock	24	static
C:/Users/Michi/Desktop/VL53L9EV/Appli/../Drivers/STM32N6xx_HAL_Driver/Inc/stm32n6xx_ll_dma.h:2631:22:LL_DMA_EnableChannelDestSecure	24	static
C:/Users/Michi/Desktop/VL53L9EV/Appli/../Drivers/STM32N6xx_HAL_Driver/Inc/stm32n6xx_ll_dma.h:2724:22:LL_DMA_EnableChannelSrcSecure	24	static
C:/Users/Michi/Desktop/VL53L9EV/Appli/../Drivers/STM32N6xx_HAL_Driver/Inc/stm32n6xx_ll_dma.h:6683:22:LL_DMA_EnableChannelSecure	16	static
C:/Users/Michi/Desktop/VL53L9EV/Appli/../Drivers/STM32N6xx_HAL_Driver/Inc/stm32n6xx_ll_dma.h:6772:22:LL_DMA_EnableChannelPrivilege	16	static
C:/Users/Michi/Desktop/VL53L9EV/Appli/Core/Src/main.c:73:5:main	8	static
C:/Users/Michi/Desktop/VL53L9EV/Appli/Core/Src/main.c:124:6:PeriphCommonClock_Config	408	static
C:/Users/Michi/Desktop/VL53L9EV/Appli/Core/Src/main.c:145:15:SystemIsolation_Config	16	static
C:/Users/Michi/Desktop/VL53L9EV/Appli/Core/Src/main.c:228:6:Error_Handler	4	static,ignoring_inline_asm
