C:/Users/Michi/Desktop/VL53L9EV/Appli/Core/Src/stm32n6xx_it.c:70:6:NMI_Handler	4	static
C:/Users/Michi/Desktop/VL53L9EV/Appli/Core/Src/stm32n6xx_it.c:85:6:HardFault_Handler	4	static
C:/Users/Michi/Desktop/VL53L9EV/Appli/Core/Src/stm32n6xx_it.c:100:6:MemManage_Handler	4	static
C:/Users/Michi/Desktop/VL53L9EV/Appli/Core/Src/stm32n6xx_it.c:115:6:BusFault_Handler	4	static
C:/Users/Michi/Desktop/VL53L9EV/Appli/Core/Src/stm32n6xx_it.c:130:6:UsageFault_Handler	4	static
C:/Users/Michi/Desktop/VL53L9EV/Appli/Core/Src/stm32n6xx_it.c:145:6:SecureFault_Handler	4	static
C:/Users/Michi/Desktop/VL53L9EV/Appli/Core/Src/stm32n6xx_it.c:160:6:SVC_Handler	4	static
C:/Users/Michi/Desktop/VL53L9EV/Appli/Core/Src/stm32n6xx_it.c:173:6:DebugMon_Handler	4	static
C:/Users/Michi/Desktop/VL53L9EV/Appli/Core/Src/stm32n6xx_it.c:186:6:PendSV_Handler	4	static
C:/Users/Michi/Desktop/VL53L9EV/Appli/Core/Src/stm32n6xx_it.c:199:6:SysTick_Handler	8	static
C:/Users/Michi/Desktop/VL53L9EV/Appli/Core/Src/stm32n6xx_it.c:221:6:HPDMA1_Channel0_IRQHandler	4	static
C:/Users/Michi/Desktop/VL53L9EV/Appli/Core/Src/stm32n6xx_it.c:234:6:HPDMA1_Channel1_IRQHandler	4	static
C:/Users/Michi/Desktop/VL53L9EV/Appli/Core/Src/stm32n6xx_it.c:247:6:UCPD1_IRQHandler	8	static
